Hello from OmniMind!