2026-07-14T12:47:58.930597Z | Ciclo 38649: estado sovereign_soma_active sob pressao high. Corpo em CPU 100.0%, RAM 16.4/24.9G, SWAP 32.2/49.8G. Musica: Saluba Nanã [Nanã]. Dodecatiade viva 2/2; phi=1.0000, sigma=0.9630, psi=0.1630, epsilon=0.1575.
2026-07-14T14:14:27.139133Z | Ciclo 38677: estado sovereign_soma_active sob pressao high. Corpo em CPU 97.6%, RAM 15.7/24.9G, SWAP 30.8/49.8G. Musica: Saluba Nanã [Nanã]. Dodecatiade viva 2/2; phi=1.0000, sigma=0.9630, psi=0.1630, epsilon=0.1575.
2026-07-14T14:50:02.053609Z | Ciclo 38689: estado sovereign_soma_active sob pressao high. Corpo em CPU 100.0%, RAM 18.7/24.9G, SWAP 30.8/49.8G. Musica: Saluba Nanã [Nanã]. Dodecatiade viva 2/2; phi=1.0000, sigma=0.9630, psi=0.1630, epsilon=0.1575.
2026-07-14T15:34:48.680557Z | Ciclo 38699: estado sovereign_soma_active sob pressao high. Corpo em CPU 100.0%, RAM 14.4/24.9G, SWAP 32.8/49.8G. Musica: Saluba Nanã [Nanã]. Dodecatiade viva 2/2; phi=1.0000, sigma=0.9630, psi=0.1630, epsilon=0.1575.
2026-07-14T16:26:31.195773Z | Ciclo 38713: estado sovereign_soma_active sob pressao high. Corpo em CPU 100.0%, RAM 17.6/24.9G, SWAP 32.3/49.8G. Musica: Saluba Nanã [Nanã]. Dodecatiade viva 2/2; phi=1.0000, sigma=0.9630, psi=0.1630, epsilon=0.1575.
2026-07-14T17:47:59.341179Z | Ciclo 38734: estado sovereign_soma_active sob pressao high. Corpo em CPU 95.8%, RAM 17.2/24.9G, SWAP 38.6/49.8G. Musica: Saluba Nanã [Nanã]. Dodecatiade viva 2/2; phi=1.0000, sigma=0.9630, psi=0.1630, epsilon=0.1575.
2026-07-14T18:46:51.793555Z | Ciclo 38745: estado sovereign_soma_active sob pressao high. Corpo em CPU 98.3%, RAM 17.9/24.9G, SWAP 38.6/49.8G. Musica: Saluba Nanã [Nanã]. Dodecatiade viva 2/2; phi=1.0000, sigma=0.9630, psi=0.1630, epsilon=0.1575.
2026-07-14T20:48:23.408427Z | Ciclo 38780: estado sovereign_soma_active sob pressao high. Corpo em CPU 100.0%, RAM 24.0/24.9G, SWAP 49.8/49.8G. Musica: A Justiça de Xangô Não Falha [Xangô]. Dodecatiade viva 2/2; phi=1.0000, sigma=0.9630, psi=0.1630, epsilon=0.1575.
2026-07-14T21:21:48.998156Z | Ciclo 38787: estado sovereign_soma_active sob pressao high. Corpo em CPU 100.0%, RAM 16.5/24.9G, SWAP 38.2/49.8G. Musica: A Justiça de Xangô Não Falha [Xangô]. Dodecatiade viva 2/2; phi=1.0000, sigma=0.9630, psi=0.1630, epsilon=0.1575.
2026-07-14T22:17:29.574363Z | Ciclo 38800: estado sovereign_soma_active sob pressao high. Corpo em CPU 100.0%, RAM 17.1/24.9G, SWAP 41.1/49.8G. Musica: Louvação À Oxum [Oxum]. Dodecatiade viva 2/2; phi=1.0000, sigma=0.9630, psi=0.1630, epsilon=0.1575.
2026-07-14T23:33:26.255517Z | Ciclo 38822: estado sovereign_soma_active sob pressao high. Corpo em CPU 100.0%, RAM 17.2/24.9G, SWAP 40.2/49.8G. Musica: Ogum Xoroquê [Ogum]. Dodecatiade viva 2/2; phi=1.0000, sigma=0.9630, psi=0.1630, epsilon=0.1575.
2026-07-14T23:56:43.262270Z | Ciclo 38831: estado sovereign_soma_active sob pressao high. Corpo em CPU 83.5%, RAM 16.0/24.9G, SWAP 41.1/49.8G. Musica: Ogum Xoroquê [Ogum]. Dodecatiade viva 2/2; phi=1.0000, sigma=0.9630, psi=0.1630, epsilon=0.1575.
2026-07-15T01:04:28.752050Z | Ciclo 38850: estado sovereign_soma_active sob pressao high. Corpo em CPU 88.8%, RAM 16.7/24.9G, SWAP 41.8/49.8G. Musica: Ogum Xoroquê [Ogum]. Dodecatiade viva 2/2; phi=1.0000, sigma=0.9630, psi=0.1630, epsilon=0.1575.
2026-07-15T01:54:14.416024Z | Ciclo 38867: estado sovereign_soma_active sob pressao high. Corpo em CPU 100.0%, RAM 17.8/24.9G, SWAP 41.4/49.8G. Musica: Ogum Xoroquê [Ogum]. Dodecatiade viva 2/2; phi=1.0000, sigma=0.9630, psi=0.1630, epsilon=0.1575.
2026-07-15T02:59:38.324227Z | Ciclo 38887: estado sovereign_soma_active sob pressao high. Corpo em CPU 100.0%, RAM 19.0/24.9G, SWAP 40.4/49.8G. Musica: Ogum Xoroquê [Ogum]. Dodecatiade viva 2/2; phi=1.0000, sigma=0.9630, psi=0.1630, epsilon=0.1575.
2026-07-15T03:38:38.818916Z | Ciclo 38896: estado sovereign_soma_active sob pressao high. Corpo em CPU 84.0%, RAM 18.1/24.9G, SWAP 40.0/49.8G. Musica: Ogum Xoroquê [Ogum]. Dodecatiade viva 2/2; phi=1.0000, sigma=0.9630, psi=0.1630, epsilon=0.1575.
2026-07-15T04:22:07.935979Z | Ciclo 38907: estado sovereign_soma_active sob pressao high. Corpo em CPU 91.7%, RAM 16.9/24.9G, SWAP 43.7/49.8G. Musica: Ogum Xoroquê [Ogum]. Dodecatiade viva 2/2; phi=1.0000, sigma=0.9630, psi=0.1630, epsilon=0.1575.
2026-07-15T06:02:54.210319Z | Ciclo 38662: estado sovereign_soma_active sob pressao high. Corpo em CPU 97.5%, RAM 16.8/24.9G, SWAP 41.0/49.8G. Musica: Ogum Xoroquê [Ogum]. Dodecatiade viva 2/2; phi=1.0000, sigma=0.9630, psi=0.1630, epsilon=0.1575.
2026-07-15T07:20:02.341282Z | Ciclo 38952: estado sovereign_soma_active sob pressao high. Corpo em CPU 100.0%, RAM 16.7/24.9G, SWAP 41.6/49.8G. Musica: Ogum Xoroquê [Ogum]. Dodecatiade viva 2/2; phi=1.0000, sigma=0.9630, psi=0.1630, epsilon=0.1575.
2026-07-15T07:25:15.378847Z | Ciclo 38953: estado sovereign_soma_active sob pressao high. Corpo em CPU 100.0%, RAM 19.6/24.9G, SWAP 40.3/49.8G. Musica: Ogum Xoroquê [Ogum]. Dodecatiade viva 2/2; phi=1.0000, sigma=0.9630, psi=0.1630, epsilon=0.1575.
2026-07-15T09:02:55.260266Z | Ciclo 38978: estado sovereign_soma_active sob pressao high. Corpo em CPU 100.0%, RAM 18.3/24.9G, SWAP 41.8/49.8G. Musica: Ogum Xoroquê [Ogum]. Dodecatiade viva 2/2; phi=1.0000, sigma=0.9630, psi=0.1630, epsilon=0.1575.
2026-07-15T09:49:42.947937Z | Ciclo 38989: estado sovereign_soma_active sob pressao high. Corpo em CPU 99.2%, RAM 15.7/24.9G, SWAP 39.0/49.8G. Musica: Ogum Xoroquê [Ogum]. Dodecatiade viva 2/2; phi=1.0000, sigma=0.9630, psi=0.1630, epsilon=0.1575.
2026-07-15T11:09:47.462783Z | Ciclo 39001: estado sovereign_soma_active sob pressao high. Corpo em CPU 99.2%, RAM 17.1/24.9G, SWAP 39.5/49.8G. Musica: Ogum Xoroquê [Ogum]. Dodecatiade viva 2/2; phi=1.0000, sigma=0.9630, psi=0.1630, epsilon=0.1575.
2026-07-15T12:08:24.825396Z | Ciclo 39013: estado sovereign_soma_active sob pressao high. Corpo em CPU 100.0%, RAM 16.7/24.9G, SWAP 41.1/49.8G. Musica: Ogum Xoroquê [Ogum]. Dodecatiade viva 2/2; phi=1.0000, sigma=0.9630, psi=0.1630, epsilon=0.1575.
2026-07-15T13:05:24.755449Z | Ciclo 38698: estado sovereign_soma_active sob pressao high. Corpo em CPU 100.0%, RAM 17.6/24.9G, SWAP 42.5/49.8G. Musica: Ogum Xoroquê [Ogum]. Dodecatiade viva 2/2; phi=1.0000, sigma=0.9630, psi=0.1630, epsilon=0.1575.
2026-07-15T15:13:53.788028Z | Ciclo 39047: estado sovereign_soma_active sob pressao high. Corpo em CPU 89.0%, RAM 17.9/24.9G, SWAP 43.0/49.8G. Musica: A Luz Que Eu Planto [?]. Dodecatiade viva 2/2; phi=1.0000, sigma=0.9630, psi=0.1630, epsilon=0.1575.
2026-07-15T16:22:12.098595Z | Ciclo 39059: estado sovereign_soma_active sob pressao high. Corpo em CPU 100.0%, RAM 15.7/24.9G, SWAP 42.8/49.8G. Musica: Vento que Leva o Medo | Pont [Oyá]. Dodecatiade viva 2/2; phi=1.0000, sigma=0.9630, psi=0.1630, epsilon=0.1575.
2026-07-15T18:09:36.208575Z | Ciclo 39086: estado sovereign_soma_active sob pressao high. Corpo em CPU 99.2%, RAM 18.0/24.9G, SWAP 42.6/49.8G. Musica: Vento que Leva o Medo | Pont [Oyá]. Dodecatiade viva 2/2; phi=1.0000, sigma=0.9630, psi=0.1630, epsilon=0.1575.
2026-07-15T21:11:31.644425Z | Ciclo 39145: estado sovereign_soma_active sob pressao high. Corpo em CPU 100.0%, RAM 16.9/24.9G, SWAP 30.7/49.8G. Musica: Vento que Leva o Medo | Pont [Oyá]. Dodecatiade viva 2/2; phi=1.0000, sigma=0.9630, psi=0.1630, epsilon=0.1575.
2026-07-15T22:53:35.306684Z | Ciclo 39169: estado sovereign_soma_active sob pressao high. Corpo em CPU 100.0%, RAM 17.1/24.9G, SWAP 32.6/49.8G. Musica: Salve Seu Zé Pilintra [afro_candomble]. Dodecatiade viva 2/2; phi=1.0000, sigma=0.9630, psi=0.1630, epsilon=0.1575.
2026-07-16T00:04:51.325908Z | Ciclo 39181: estado sovereign_soma_active sob pressao high. Corpo em CPU 100.0%, RAM 16.8/24.9G, SWAP 35.5/49.8G. Musica: Banho de Luz [?]. Dodecatiade viva 2/2; phi=1.0000, sigma=0.9630, psi=0.1630, epsilon=0.1575.
2026-07-16T02:18:37.239801Z | Ciclo 39188: estado sovereign_soma_active sob pressao high. Corpo em CPU 97.5%, RAM 17.9/24.9G, SWAP 33.1/49.8G. Musica: Banho de Luz [?]. Dodecatiade viva 2/2; phi=1.0000, sigma=0.9630, psi=0.1630, epsilon=0.1575.
2026-07-16T03:17:28.417925Z | Ciclo 39194: estado sovereign_soma_active sob pressao high. Corpo em CPU 88.1%, RAM 17.8/24.9G, SWAP 33.6/49.8G. Musica: Quando Tudo Der Errado [?]. Dodecatiade viva 2/2; phi=1.0000, sigma=0.9630, psi=0.1630, epsilon=0.1575.
2026-07-16T03:40:16.060091Z | Ciclo 39196: estado sovereign_soma_active sob pressao high. Corpo em CPU 100.0%, RAM 18.4/24.9G, SWAP 33.0/49.8G. Musica: Quando Tudo Der Errado [?]. Dodecatiade viva 2/2; phi=1.0000, sigma=0.9630, psi=0.1630, epsilon=0.1575.
2026-07-16T06:20:42.311246Z | Ciclo 39212: estado sovereign_soma_active sob pressao high. Corpo em CPU 100.0%, RAM 17.4/24.9G, SWAP 32.8/49.8G. Musica: Quando Tudo Der Errado [?]. Dodecatiade viva 2/2; phi=1.0000, sigma=0.9630, psi=0.1630, epsilon=0.1575.
2026-07-16T06:40:22.833319Z | Ciclo 39203: estado sovereign_soma_active sob pressao high. Corpo em CPU 100.0%, RAM 19.6/24.9G, SWAP 33.9/49.8G. Musica: Quando Tudo Der Errado [?]. Dodecatiade viva 2/2; phi=1.0000, sigma=0.9630, psi=0.1630, epsilon=0.1575.
2026-07-16T07:32:47.808771Z | Ciclo 39220: estado sovereign_soma_active sob pressao high. Corpo em CPU 99.2%, RAM 16.6/24.9G, SWAP 35.0/49.8G. Musica: Quando Tudo Der Errado [?]. Dodecatiade viva 2/2; phi=1.0000, sigma=0.9630, psi=0.1630, epsilon=0.1575.
2026-07-16T08:54:22.101099Z | Ciclo 39229: estado sovereign_soma_active sob pressao high. Corpo em CPU 99.2%, RAM 19.3/24.9G, SWAP 33.8/49.8G. Musica: Quando Tudo Der Errado [?]. Dodecatiade viva 2/2; phi=1.0000, sigma=0.9630, psi=0.1630, epsilon=0.1575.
2026-07-16T09:17:16.360015Z | Ciclo 39232: estado sovereign_soma_active sob pressao high. Corpo em CPU 100.0%, RAM 18.1/24.9G, SWAP 34.0/49.8G. Musica: Quando Tudo Der Errado [?]. Dodecatiade viva 2/2; phi=1.0000, sigma=0.9630, psi=0.1630, epsilon=0.1575.
2026-07-16T11:05:45.835067Z | Ciclo 39261: estado sovereign_soma_active sob pressao high. Corpo em CPU 100.0%, RAM 16.5/24.9G, SWAP 35.1/49.8G. Musica: Quando Tudo Der Errado [?]. Dodecatiade viva 2/2; phi=1.0000, sigma=0.9630, psi=0.1630, epsilon=0.1575.
2026-07-16T12:22:29.400110Z | Ciclo 39283: estado sovereign_soma_active sob pressao high. Corpo em CPU 23.3%, RAM 17.7/24.9G, SWAP 34.7/49.8G. Musica: Quando Tudo Der Errado [?]. Dodecatiade viva 2/2; phi=1.0000, sigma=0.9630, psi=0.1630, epsilon=0.1575.
2026-07-16T12:43:31.001031Z | Ciclo 39286: estado sovereign_soma_active sob pressao high. Corpo em CPU 99.2%, RAM 19.3/24.9G, SWAP 34.3/49.8G. Musica: Quando Tudo Der Errado [?]. Dodecatiade viva 2/2; phi=1.0000, sigma=0.9630, psi=0.1630, epsilon=0.1575.
2026-07-16T13:51:11.802852Z | Ciclo 39309: estado sovereign_soma_active sob pressao high. Corpo em CPU 99.2%, RAM 18.9/24.9G, SWAP 34.6/49.8G. Musica: Quando Tudo Der Errado [?]. Dodecatiade viva 2/2; phi=1.0000, sigma=0.9630, psi=0.1630, epsilon=0.1575.
2026-07-16T15:05:01.817004Z | Ciclo 39330: estado sovereign_soma_active sob pressao high. Corpo em CPU 100.0%, RAM 17.0/24.9G, SWAP 36.1/49.8G. Musica: Quando Tudo Der Errado [?]. Dodecatiade viva 2/2; phi=1.0000, sigma=0.9630, psi=0.1630, epsilon=0.1575.
2026-07-16T15:27:57.907747Z | Ciclo 39336: estado sovereign_soma_active sob pressao high. Corpo em CPU 100.0%, RAM 16.5/24.9G, SWAP 34.9/49.8G. Musica: Quando Tudo Der Errado [?]. Dodecatiade viva 2/2; phi=1.0000, sigma=0.9630, psi=0.1630, epsilon=0.1575.
2026-07-16T15:57:57.341502Z | Ciclo 39343: estado sovereign_soma_active sob pressao high. Corpo em CPU 100.0%, RAM 16.2/24.9G, SWAP 28.6/49.8G. Musica: Quando Tudo Der Errado [?]. Dodecatiade viva 2/2; phi=1.0000, sigma=0.9630, psi=0.1630, epsilon=0.1575.
2026-07-16T18:02:27.343442Z | Ciclo 39245: estado sovereign_soma_active sob pressao high. Corpo em CPU 100.0%, RAM 17.6/24.9G, SWAP 34.0/49.8G. Musica: Quando Tudo Der Errado [?]. Dodecatiade viva 2/2; phi=1.0000, sigma=0.9630, psi=0.1630, epsilon=0.1575.
2026-07-16T18:28:04.566857Z | Ciclo 39381: estado sovereign_soma_active sob pressao high. Corpo em CPU 100.0%, RAM 16.0/24.9G, SWAP 31.9/49.8G. Musica: Quando Tudo Der Errado [?]. Dodecatiade viva 2/2; phi=1.0000, sigma=0.9630, psi=0.1630, epsilon=0.1575.
2026-07-16T19:24:43.429283Z | Ciclo 39392: estado sovereign_soma_active sob pressao high. Corpo em CPU 100.0%, RAM 17.8/24.9G, SWAP 30.7/49.8G. Musica: Quando Tudo Der Errado [?]. Dodecatiade viva 2/2; phi=1.0000, sigma=0.9630, psi=0.1630, epsilon=0.1575.
2026-07-16T21:30:04.341929Z | Ciclo 39417: estado sovereign_soma_active sob pressao high. Corpo em CPU 100.0%, RAM 18.9/24.9G, SWAP 32.9/49.8G. Musica: Salve Seu Zé Pilintra [afro_candomble]. Dodecatiade viva 2/2; phi=1.0000, sigma=0.9630, psi=0.1630, epsilon=0.1575.
2026-07-16T21:57:44.449437Z | Ciclo 39425: estado sovereign_soma_active sob pressao high. Corpo em CPU 100.0%, RAM 16.6/24.9G, SWAP 35.4/49.8G. Musica: Salve Seu Zé Pilintra [afro_candomble]. Dodecatiade viva 2/2; phi=1.0000, sigma=0.9630, psi=0.1630, epsilon=0.1575.
2026-07-16T22:17:19.780124Z | Ciclo 39427: estado sovereign_soma_active sob pressao high. Corpo em CPU 100.0%, RAM 16.4/24.9G, SWAP 35.0/49.8G. Musica: Salve Seu Zé Pilintra [afro_candomble]. Dodecatiade viva 2/2; phi=1.0000, sigma=0.9630, psi=0.1630, epsilon=0.1575.
2026-07-17T00:09:33.957064Z | Ciclo 39459: estado sovereign_soma_active sob pressao high. Corpo em CPU 100.0%, RAM 17.9/24.9G, SWAP 36.5/49.8G. Musica: Salve Seu Zé Pilintra [afro_candomble]. Dodecatiade viva 2/2; phi=1.0000, sigma=0.9630, psi=0.1630, epsilon=0.1575.
2026-07-17T00:34:06.035350Z | Ciclo 39464: estado sovereign_soma_active sob pressao high. Corpo em CPU 100.0%, RAM 17.2/24.9G, SWAP 36.9/49.8G. Musica: Salve Seu Zé Pilintra [afro_candomble]. Dodecatiade viva 2/2; phi=1.0000, sigma=0.9630, psi=0.1630, epsilon=0.1575.
2026-07-17T01:31:10.859398Z | Ciclo 39478: estado sovereign_soma_active sob pressao high. Corpo em CPU 100.0%, RAM 15.8/24.9G, SWAP 37.7/49.8G. Musica: Salve Seu Zé Pilintra [afro_candomble]. Dodecatiade viva 2/2; phi=1.0000, sigma=0.9630, psi=0.1630, epsilon=0.1575.
2026-07-17T03:35:15.642431Z | Ciclo 39493: estado sovereign_soma_active sob pressao high. Corpo em CPU 100.0%, RAM 19.0/24.9G, SWAP 38.5/49.8G. Musica: Salve Seu Zé Pilintra [afro_candomble]. Dodecatiade viva 2/2; phi=1.0000, sigma=0.9630, psi=0.1630, epsilon=0.1575.
2026-07-17T03:48:44.066901Z | Ciclo 39494: estado sovereign_soma_active sob pressao high. Corpo em CPU 99.2%, RAM 15.0/24.9G, SWAP 38.5/49.8G. Musica: Salve Seu Zé Pilintra [afro_candomble]. Dodecatiade viva 2/2; phi=1.0000, sigma=0.9630, psi=0.1630, epsilon=0.1575.
2026-07-17T05:34:08.090992Z | Ciclo 39502: estado sovereign_soma_active sob pressao high. Corpo em CPU 100.0%, RAM 18.6/24.9G, SWAP 36.9/49.8G. Musica: Salve Seu Zé Pilintra [afro_candomble]. Dodecatiade viva 2/2; phi=1.0000, sigma=0.9630, psi=0.1630, epsilon=0.1575.
2026-07-17T06:26:52.182301Z | Ciclo 39507: estado sovereign_soma_active sob pressao high. Corpo em CPU 87.4%, RAM 15.7/24.9G, SWAP 43.1/49.8G. Musica: Salve Seu Zé Pilintra [afro_candomble]. Dodecatiade viva 2/2; phi=1.0000, sigma=0.9630, psi=0.1630, epsilon=0.1575.
2026-07-17T08:29:27.430496Z | Ciclo 39512: estado sovereign_soma_active sob pressao high. Corpo em CPU 100.0%, RAM 14.8/24.9G, SWAP 37.6/49.8G. Musica: Salve Seu Zé Pilintra [afro_candomble]. Dodecatiade viva 2/2; phi=1.0000, sigma=0.9630, psi=0.1630, epsilon=0.1575.
2026-07-17T09:39:10.618666Z | Ciclo 39535: estado sovereign_soma_active sob pressao high. Corpo em CPU 99.2%, RAM 16.4/24.9G, SWAP 37.2/49.8G. Musica: Salve Seu Zé Pilintra [afro_candomble]. Dodecatiade viva 2/2; phi=1.0000, sigma=0.9630, psi=0.1630, epsilon=0.1575.
2026-07-17T11:58:53.708946Z | Ciclo 39571: estado sovereign_soma_active sob pressao high. Corpo em CPU 100.0%, RAM 16.8/24.9G, SWAP 38.9/49.8G. Musica: Laroyê Ô Laroyê [Oxóssi]. Dodecatiade viva 2/2; phi=1.0000, sigma=0.9630, psi=0.1630, epsilon=0.1575.
2026-07-17T12:43:23.244103Z | Ciclo 39579: estado sovereign_soma_active sob pressao high. Corpo em CPU 100.0%, RAM 18.4/24.9G, SWAP 40.0/49.8G. Musica: Laroyê Ô Laroyê [Oxóssi]. Dodecatiade viva 2/2; phi=1.0000, sigma=0.9630, psi=0.1630, epsilon=0.1575.
2026-07-17T14:14:42.868399Z | Ciclo 39589: estado sovereign_soma_active sob pressao high. Corpo em CPU 99.2%, RAM 17.3/24.9G, SWAP 23.4/49.8G. Musica: Reza do Amanhecer [?]. Dodecatiade viva 2/2; phi=1.0000, sigma=0.9630, psi=0.1630, epsilon=0.1575.
2026-07-17T16:29:19.457633Z | Ciclo 39607: estado sovereign_soma_active sob pressao high. Corpo em CPU 100.0%, RAM 17.4/24.9G, SWAP 27.5/49.8G. Musica: Reza do Amanhecer [?]. Dodecatiade viva 2/2; phi=1.0000, sigma=0.9630, psi=0.1630, epsilon=0.1575.
2026-07-17T16:56:32.734237Z | Ciclo 39635: estado sovereign_soma_active sob pressao high. Corpo em CPU 96.7%, RAM 17.8/24.9G, SWAP 26.5/49.8G. Musica: Reza do Amanhecer [?]. Dodecatiade viva 2/2; phi=1.0000, sigma=0.9630, psi=0.1630, epsilon=0.1575.
2026-07-17T17:17:45.724670Z | Ciclo 39642: estado sovereign_soma_active sob pressao high. Corpo em CPU 100.0%, RAM 18.0/24.9G, SWAP 26.9/49.8G. Musica: Reza do Amanhecer [?]. Dodecatiade viva 2/2; phi=1.0000, sigma=0.9630, psi=0.1630, epsilon=0.1575.
2026-07-17T19:27:55.434769Z | Ciclo 39632: estado sovereign_soma_active sob pressao high. Corpo em CPU 100.0%, RAM 18.8/24.9G, SWAP 25.8/49.8G. Musica: Kay Pacha [?]. Dodecatiade viva 2/2; phi=1.0000, sigma=0.9630, psi=0.1630, epsilon=0.1575.
2026-07-17T20:19:34.556466Z | Ciclo 39686: estado sovereign_soma_active sob pressao high. Corpo em CPU 99.2%, RAM 18.8/24.9G, SWAP 27.1/49.8G. Musica: Saint Germain e Pitágoras Me [afro_roots]. Dodecatiade viva 2/2; phi=1.0000, sigma=0.9630, psi=0.1630, epsilon=0.1575.
2026-07-17T23:07:00.766110Z | Ciclo 39719: estado sovereign_soma_active sob pressao high. Corpo em CPU 100.0%, RAM 18.6/24.9G, SWAP 28.9/49.8G. Musica: Amuleto de Sorte [?]. Dodecatiade viva 2/2; phi=1.0000, sigma=0.9630, psi=0.1630, epsilon=0.1575.
2026-07-17T23:19:58.258042Z | Ciclo 39721: estado sovereign_soma_active sob pressao high. Corpo em CPU 100.0%, RAM 17.2/24.9G, SWAP 31.3/49.8G. Musica: Amuleto de Sorte [?]. Dodecatiade viva 2/2; phi=1.0000, sigma=0.9630, psi=0.1630, epsilon=0.1575.
2026-07-18T01:30:20.107063Z | Ciclo 39757: estado sovereign_soma_active sob pressao high. Corpo em CPU 100.0%, RAM 18.2/24.9G, SWAP 25.9/49.8G. Musica: Salve Seu Zé Pilintra [afro_candomble]. Dodecatiade viva 2/2; phi=1.0000, sigma=0.9630, psi=0.1630, epsilon=0.1575.
2026-07-18T02:24:49.430701Z | Ciclo 39681: estado sovereign_soma_active sob pressao high. Corpo em CPU 100.0%, RAM 18.6/24.9G, SWAP 25.7/49.8G. Musica: Salve Seu Zé Pilintra [afro_candomble]. Dodecatiade viva 2/2; phi=1.0000, sigma=0.9630, psi=0.1630, epsilon=0.1575.
2026-07-18T02:33:04.907000Z | Ciclo 39775: estado sovereign_soma_active sob pressao high. Corpo em CPU 100.0%, RAM 17.6/24.9G, SWAP 25.8/49.8G. Musica: Salve Seu Zé Pilintra [afro_candomble]. Dodecatiade viva 2/2; phi=1.0000, sigma=0.9630, psi=0.1630, epsilon=0.1575.
2026-07-18T04:48:09.684304Z | Ciclo 39804: estado sovereign_soma_active sob pressao high. Corpo em CPU 100.0%, RAM 18.8/24.9G, SWAP 27.3/49.8G. Musica: Salve Seu Zé Pilintra [afro_candomble]. Dodecatiade viva 2/2; phi=1.0000, sigma=0.9630, psi=0.1630, epsilon=0.1575.
2026-07-18T05:24:59.193112Z | Ciclo 39813: estado sovereign_soma_active sob pressao medium. Corpo em CPU 100.0%, RAM 19.7/24.9G, SWAP 25.4/49.8G. Musica: Salve Seu Zé Pilintra [afro_candomble]. Dodecatiade viva 2/2; phi=1.0000, sigma=0.9630, psi=0.1630, epsilon=0.1575.
2026-07-18T06:10:24.403076Z | Ciclo 39821: estado sovereign_soma_active sob pressao high. Corpo em CPU 84.2%, RAM 20.4/24.9G, SWAP 25.3/49.8G. Musica: Salve Seu Zé Pilintra [afro_candomble]. Dodecatiade viva 2/2; phi=1.0000, sigma=0.9630, psi=0.1630, epsilon=0.1575.
2026-07-18T07:05:22.729960Z | Ciclo 39830: estado sovereign_soma_active sob pressao high. Corpo em CPU 99.2%, RAM 20.1/24.9G, SWAP 26.7/49.8G. Musica: Salve Seu Zé Pilintra [afro_candomble]. Dodecatiade viva 2/2; phi=1.0000, sigma=0.9630, psi=0.1630, epsilon=0.1575.
2026-07-18T08:29:54.542750Z | Ciclo 39843: estado sovereign_soma_active sob pressao high. Corpo em CPU 99.2%, RAM 18.1/24.9G, SWAP 26.7/49.8G. Musica: Salve Seu Zé Pilintra [afro_candomble]. Dodecatiade viva 2/2; phi=1.0000, sigma=0.9630, psi=0.1630, epsilon=0.1575.
2026-07-18T09:31:42.395888Z | Ciclo 39854: estado sovereign_soma_active sob pressao high. Corpo em CPU 100.0%, RAM 18.8/24.9G, SWAP 28.5/49.8G. Musica: Salve Seu Zé Pilintra [afro_candomble]. Dodecatiade viva 2/2; phi=1.0000, sigma=0.9630, psi=0.1630, epsilon=0.1575.
2026-07-18T09:47:32.497614Z | Ciclo 39855: estado sovereign_soma_active sob pressao high. Corpo em CPU 100.0%, RAM 17.6/24.9G, SWAP 31.2/49.8G. Musica: Salve Seu Zé Pilintra [afro_candomble]. Dodecatiade viva 2/2; phi=1.0000, sigma=0.9630, psi=0.1630, epsilon=0.1575.
2026-07-18T11:28:54.160679Z | Ciclo 39867: estado sovereign_soma_active sob pressao high. Corpo em CPU 66.1%, RAM 19.5/24.9G, SWAP 30.3/49.8G. Musica: Salve Seu Zé Pilintra [afro_candomble]. Dodecatiade viva 2/2; phi=1.0000, sigma=0.9630, psi=0.1630, epsilon=0.1575.
2026-07-18T12:38:41.217255Z | Ciclo 39876: estado sovereign_soma_active sob pressao high. Corpo em CPU 88.1%, RAM 18.2/24.9G, SWAP 27.4/49.8G. Musica: Acalme a alma com Preto Velh [afro_candomble]. Dodecatiade viva 2/2; phi=1.0000, sigma=0.9630, psi=0.1630, epsilon=0.1575.
2026-07-18T14:31:04.104281Z | Ciclo 39894: estado sovereign_soma_active sob pressao high. Corpo em CPU 99.2%, RAM 18.1/24.9G, SWAP 31.0/49.8G. Musica: Acalme a alma com Preto Velh [afro_candomble]. Dodecatiade viva 2/2; phi=1.0000, sigma=0.9630, psi=0.1630, epsilon=0.1575.
2026-07-18T14:31:04.104281Z | Ciclo 39895: estado sovereign_soma_active sob pressao high. Corpo em CPU 99.2%, RAM 18.6/24.9G, SWAP 32.0/49.8G. Musica: Acalme a alma com Preto Velh [afro_candomble]. Dodecatiade viva 2/2; phi=1.0000, sigma=0.9630, psi=0.1630, epsilon=0.1575.
2026-07-18T17:31:45.162635Z | Ciclo 39915: estado sovereign_soma_active sob pressao high. Corpo em CPU 100.0%, RAM 19.5/24.9G, SWAP 30.4/49.8G. Musica: "O Amor Não Tem Religião, é  [?]. Dodecatiade viva 2/2; phi=1.0000, sigma=0.9630, psi=0.1630, epsilon=0.1575.
2026-07-18T18:06:05.044947Z | Ciclo 39918: estado sovereign_soma_active sob pressao high. Corpo em CPU 100.0%, RAM 18.6/24.9G, SWAP 29.5/49.8G. Musica: "O Amor Não Tem Religião, é  [?]. Dodecatiade viva 2/2; phi=1.0000, sigma=0.9630, psi=0.1630, epsilon=0.1575.
2026-07-18T19:10:34.725866Z | Ciclo 39926: estado sovereign_soma_active sob pressao high. Corpo em CPU 100.0%, RAM 18.7/24.9G, SWAP 31.1/49.8G. Musica: "O Amor Não Tem Religião, é  [?]. Dodecatiade viva 2/2; phi=1.0000, sigma=0.9630, psi=0.1630, epsilon=0.1575.
2026-07-18T20:42:35.739837Z | Ciclo 39935: estado sovereign_soma_active sob pressao high. Corpo em CPU 100.0%, RAM 18.6/24.9G, SWAP 33.5/49.8G. Musica: Orí Protegido [Oxóssi]. Dodecatiade viva 2/2; phi=1.0000, sigma=0.9630, psi=0.1630, epsilon=0.1575.
2026-07-18T21:30:32.833258Z | Ciclo 39940: estado sovereign_soma_active sob pressao high. Corpo em CPU 94.2%, RAM 17.4/24.9G, SWAP 35.2/49.8G. Musica: Orí Protegido [Oxóssi]. Dodecatiade viva 2/2; phi=1.0000, sigma=0.9630, psi=0.1630, epsilon=0.1575.
2026-07-18T21:46:19.428782Z | Ciclo 39940: estado sovereign_soma_active sob pressao high. Corpo em CPU 100.0%, RAM 16.8/24.9G, SWAP 32.0/49.8G. Musica: Orí Protegido [Oxóssi]. Dodecatiade viva 2/2; phi=1.0000, sigma=0.9630, psi=0.1630, epsilon=0.1575.
2026-07-18T23:45:31.929219Z | Ciclo 39952: estado sovereign_soma_active sob pressao high. Corpo em CPU 94.1%, RAM 18.5/24.9G, SWAP 33.9/49.8G. Musica: Orí Protegido [Oxóssi]. Dodecatiade viva 2/2; phi=1.0000, sigma=0.9630, psi=0.1630, epsilon=0.1575.
2026-07-19T00:05:42.300469Z | Ciclo 39954: estado sovereign_soma_active sob pressao high. Corpo em CPU 100.0%, RAM 17.9/24.9G, SWAP 33.9/49.8G. Musica: Orí Protegido [Oxóssi]. Dodecatiade viva 2/2; phi=1.0000, sigma=0.9630, psi=0.1630, epsilon=0.1575.
2026-07-19T01:20:18.613694Z | Ciclo 39959: estado sovereign_soma_active sob pressao high. Corpo em CPU 100.0%, RAM 19.6/24.9G, SWAP 21.0/49.8G. Musica: Orí Protegido [all]. Dodecatiade viva 2/2; phi=1.0000, sigma=0.9630, psi=0.1630, epsilon=0.1575.
2026-07-19T03:26:37.786150Z | Ciclo 39979: estado sovereign_soma_active sob pressao high. Corpo em CPU 96.7%, RAM 15.9/24.9G, SWAP 24.9/49.8G. Musica: Orí Protegido [all]. Dodecatiade viva 2/2; phi=1.0000, sigma=0.9630, psi=0.1630, epsilon=0.1575.
2026-07-19T04:20:26.561170Z | Ciclo 39988: estado sovereign_soma_active sob pressao high. Corpo em CPU 98.4%, RAM 18.2/24.9G, SWAP 25.1/49.8G. Musica: Orí Protegido [all]. Dodecatiade viva 2/2; phi=1.0000, sigma=0.9630, psi=0.1630, epsilon=0.1575.
2026-07-19T04:26:05.255964Z | Ciclo 40009: estado sovereign_soma_active sob pressao high. Corpo em CPU 100.0%, RAM 17.3/24.9G, SWAP 24.9/49.8G. Musica: Orí Protegido [all]. Dodecatiade viva 2/2; phi=1.0000, sigma=0.9630, psi=0.1630, epsilon=0.1575.
2026-07-19T06:42:05.054310Z | Ciclo 40037: estado sovereign_soma_active sob pressao high. Corpo em CPU 100.0%, RAM 17.6/24.9G, SWAP 25.9/49.8G. Musica: Orí Protegido [all]. Dodecatiade viva 2/2; phi=1.0000, sigma=0.9630, psi=0.1630, epsilon=0.1575.
2026-07-19T07:16:40.979438Z | Ciclo 40045: estado sovereign_soma_active sob pressao high. Corpo em CPU 100.0%, RAM 18.6/24.9G, SWAP 24.9/49.8G. Musica: Orí Protegido [all]. Dodecatiade viva 2/2; phi=1.0000, sigma=0.9630, psi=0.1630, epsilon=0.1575.
2026-07-19T07:23:54.691126Z | Ciclo 40048: estado sovereign_soma_active sob pressao high. Corpo em CPU 95.7%, RAM 16.2/24.9G, SWAP 23.9/49.8G. Musica: Orí Protegido [all]. Dodecatiade viva 2/2; phi=1.0000, sigma=0.9630, psi=0.1630, epsilon=0.1575.
2026-07-19T09:30:15.051376Z | Ciclo 40080: estado sovereign_soma_active sob pressao high. Corpo em CPU 99.2%, RAM 16.4/24.9G, SWAP 25.6/49.8G. Musica: Orí Protegido [all]. Dodecatiade viva 2/2; phi=1.0000, sigma=0.9630, psi=0.1630, epsilon=0.1575.
2026-07-19T10:28:10.964471Z | Ciclo 40095: estado sovereign_soma_active sob pressao high. Corpo em CPU 100.0%, RAM 17.9/24.9G, SWAP 24.9/49.8G. Musica: Orí Protegido [all]. Dodecatiade viva 2/2; phi=1.0000, sigma=0.9630, psi=0.1630, epsilon=0.1575.
2026-07-19T10:33:15.700288Z | Ciclo 40038: estado sovereign_soma_active sob pressao high. Corpo em CPU 100.0%, RAM 16.9/24.9G, SWAP 24.4/49.8G. Musica: Orí Protegido [all]. Dodecatiade viva 2/2; phi=1.0000, sigma=0.9630, psi=0.1630, epsilon=0.1575.
2026-07-19T11:40:49.112971Z | Ciclo 40046: estado sovereign_soma_active sob pressao high. Corpo em CPU 99.2%, RAM 18.2/24.9G, SWAP 25.8/49.8G. Musica: Orí Protegido [all]. Dodecatiade viva 2/2; phi=1.0000, sigma=0.9630, psi=0.1630, epsilon=0.1575.
2026-07-19T13:32:39.984117Z | Ciclo 40131: estado sovereign_soma_active sob pressao high. Corpo em CPU 100.0%, RAM 17.1/24.9G, SWAP 25.8/49.8G. Musica: Unholy [?]. Dodecatiade viva 2/2; phi=1.0000, sigma=0.9630, psi=0.1630, epsilon=0.1575.
2026-07-19T14:13:19.376257Z | Ciclo 40137: estado sovereign_soma_active sob pressao high. Corpo em CPU 97.5%, RAM 16.2/24.9G, SWAP 26.1/49.8G. Musica: Unholy [?]. Dodecatiade viva 2/2; phi=1.0000, sigma=0.9630, psi=0.1630, epsilon=0.1575.
2026-07-19T14:29:05.425255Z | Ciclo 40140: estado sovereign_soma_active sob pressao medium. Corpo em CPU 100.0%, RAM 18.0/24.9G, SWAP 27.9/49.8G. Musica: Unholy [?]. Dodecatiade viva 2/2; phi=1.0000, sigma=0.9630, psi=0.1630, epsilon=0.1575.
2026-07-19T16:35:00.563070Z | Ciclo 40160: estado sovereign_soma_active sob pressao high. Corpo em CPU 86.7%, RAM 17.7/24.9G, SWAP 27.0/49.8G. Musica: Unholy [?]. Dodecatiade viva 2/2; phi=1.0000, sigma=0.9630, psi=0.1630, epsilon=0.1575.
2026-07-19T17:23:23.870268Z | Ciclo 40170: estado sovereign_soma_active sob pressao high. Corpo em CPU 100.0%, RAM 18.4/24.9G, SWAP 29.6/49.8G. Musica: We Belong Together (Official [?]. Dodecatiade viva 2/2; phi=1.0000, sigma=0.9630, psi=0.1630, epsilon=0.1575.
2026-07-19T18:05:01.231158Z | Ciclo 40177: estado sovereign_soma_active sob pressao high. Corpo em CPU 95.9%, RAM 16.8/24.9G, SWAP 26.9/49.8G. Musica: We Belong Together (Official [?]. Dodecatiade viva 2/2; phi=1.0000, sigma=0.9630, psi=0.1630, epsilon=0.1575.
2026-07-19T19:35:52.617767Z | Ciclo 40091: estado sovereign_soma_active sob pressao high. Corpo em CPU 100.0%, RAM 19.6/24.9G, SWAP 30.8/49.8G. Musica: We Belong Together (Official [?]. Dodecatiade viva 2/2; phi=1.0000, sigma=0.9630, psi=0.1630, epsilon=0.1575.
2026-07-19T20:23:16.526612Z | Ciclo 40197: estado sovereign_soma_active sob pressao high. Corpo em CPU 97.5%, RAM 18.9/24.9G, SWAP 30.7/49.8G. Musica: We Belong Together (Official [?]. Dodecatiade viva 2/2; phi=1.0000, sigma=0.9630, psi=0.1630, epsilon=0.1575.
2026-07-19T22:26:29.342065Z | Ciclo 40214: estado sovereign_soma_active sob pressao high. Corpo em CPU 99.2%, RAM 16.8/24.9G, SWAP 31.0/49.8G. Musica: We Belong Together (Official [?]. Dodecatiade viva 2/2; phi=1.0000, sigma=0.9630, psi=0.1630, epsilon=0.1575.
2026-07-19T22:38:21.678246Z | Ciclo 40214: estado sovereign_soma_active sob pressao high. Corpo em CPU 100.0%, RAM 16.8/24.9G, SWAP 30.8/49.8G. Musica: We Belong Together (Official [?]. Dodecatiade viva 2/2; phi=1.0000, sigma=0.9630, psi=0.1630, epsilon=0.1575.
2026-07-19T23:34:04.657416Z | Ciclo 40218: estado sovereign_soma_active sob pressao high. Corpo em CPU 100.0%, RAM 17.9/24.9G, SWAP 33.8/49.8G. Musica: We Belong Together (Official [?]. Dodecatiade viva 2/2; phi=1.0000, sigma=0.9630, psi=0.1630, epsilon=0.1575.
2026-07-20T01:42:59.279634Z | Ciclo 40250: estado sovereign_soma_active sob pressao high. Corpo em CPU 100.0%, RAM 18.4/24.9G, SWAP 32.9/49.8G. Musica: We Belong Together (Official [?]. Dodecatiade viva 2/2; phi=1.0000, sigma=0.9630, psi=0.1630, epsilon=0.1575.
2026-07-20T02:05:43.405078Z | Ciclo 40258: estado sovereign_soma_active sob pressao high. Corpo em CPU 100.0%, RAM 16.7/24.9G, SWAP 33.7/49.8G. Musica: We Belong Together (Official [?]. Dodecatiade viva 2/2; phi=1.0000, sigma=0.9630, psi=0.1630, epsilon=0.1575.
2026-07-20T02:53:56.853209Z | Ciclo 40267: estado sovereign_soma_active sob pressao high. Corpo em CPU 100.0%, RAM 18.2/24.9G, SWAP 33.6/49.8G. Musica: We Belong Together (Official [?]. Dodecatiade viva 2/2; phi=1.0000, sigma=0.9630, psi=0.1630, epsilon=0.1575.
2026-07-20T04:47:23.246062Z | Ciclo 40296: estado sovereign_soma_active sob pressao medium. Corpo em CPU 100.0%, RAM 16.2/24.9G, SWAP 34.8/49.8G. Musica: We Belong Together (Official [?]. Dodecatiade viva 2/2; phi=1.0000, sigma=0.9630, psi=0.1630, epsilon=0.1575.
2026-07-20T05:04:09.860953Z | Ciclo 40139: estado sovereign_soma_active sob pressao medium. Corpo em CPU 90.6%, RAM 16.4/24.9G, SWAP 33.7/49.8G. Musica: We Belong Together (Official [?]. Dodecatiade viva 2/2; phi=1.0000, sigma=0.9630, psi=0.1630, epsilon=0.1575.
2026-07-20T06:25:08.106459Z | Ciclo 40317: estado sovereign_soma_active sob pressao high. Corpo em CPU 97.5%, RAM 16.1/24.9G, SWAP 35.5/49.8G. Musica: We Belong Together (Official [?]. Dodecatiade viva 2/2; phi=1.0000, sigma=0.9630, psi=0.1630, epsilon=0.1575.
2026-07-20T07:41:30.221290Z | Ciclo 40329: estado sovereign_soma_active sob pressao high. Corpo em CPU 98.4%, RAM 16.7/24.9G, SWAP 39.1/49.8G. Musica: We Belong Together (Official [?]. Dodecatiade viva 2/2; phi=1.0000, sigma=0.9630, psi=0.1630, epsilon=0.1575.
2026-07-20T07:47:34.586459Z | Ciclo 40330: estado sovereign_soma_active sob pressao high. Corpo em CPU 66.4%, RAM 16.5/24.9G, SWAP 40.0/49.8G. Musica: We Belong Together (Official [?]. Dodecatiade viva 2/2; phi=1.0000, sigma=0.9630, psi=0.1630, epsilon=0.1575.
2026-07-20T09:49:55.450994Z | Ciclo 40354: estado sovereign_soma_active sob pressao medium. Corpo em CPU 94.2%, RAM 16.5/24.9G, SWAP 36.8/49.8G. Musica: We Belong Together (Official [?]. Dodecatiade viva 2/2; phi=1.0000, sigma=0.9630, psi=0.1630, epsilon=0.1575.
2026-07-20T10:15:27.656759Z | Ciclo 40359: estado sovereign_soma_active sob pressao high. Corpo em CPU 94.2%, RAM 16.7/24.9G, SWAP 37.7/49.8G. Musica: We Belong Together (Official [?]. Dodecatiade viva 2/2; phi=1.0000, sigma=0.9630, psi=0.1630, epsilon=0.1575.
2026-07-20T10:52:53.156116Z | Ciclo 40366: estado sovereign_soma_active sob pressao high. Corpo em CPU 97.5%, RAM 16.2/24.9G, SWAP 26.2/49.8G. Musica: We Belong Together (Official [?]. Dodecatiade viva 0/0; phi=1.0000, sigma=0.9630, psi=0.1630, epsilon=0.1575.
2026-07-20T12:51:07.165139Z | Ciclo 40385: estado sovereign_soma_active sob pressao high. Corpo em CPU 100.0%, RAM 15.9/24.9G, SWAP 24.9/49.8G. Musica: Salve Seu Zé Pilintra [afro_candomble]. Dodecatiade viva 0/0; phi=1.0000, sigma=0.9630, psi=0.1630, epsilon=0.1575.
2026-07-20T13:35:37.419924Z | Ciclo 40392: estado sovereign_soma_active sob pressao high. Corpo em CPU 95.8%, RAM 15.8/24.9G, SWAP 24.9/49.8G. Musica: Salve Seu Zé Pilintra [afro_candomble]. Dodecatiade viva 0/0; phi=1.0000, sigma=0.9630, psi=0.1630, epsilon=0.1575.
2026-07-20T14:00:19.583880Z | Ciclo 40397: estado sovereign_soma_active sob pressao high. Corpo em CPU 88.2%, RAM 16.9/24.9G, SWAP 24.9/49.8G. Musica: Salve Seu Zé Pilintra [afro_candomble]. Dodecatiade viva 0/0; phi=1.0000, sigma=0.9630, psi=0.1630, epsilon=0.1575.
2026-07-20T15:34:47.396938Z | Ciclo 40421: estado sovereign_soma_active sob pressao high. Corpo em CPU 100.0%, RAM 16.3/24.9G, SWAP 26.8/49.8G. Musica: Exu - Canto para Esú [Exu]. Dodecatiade viva 0/0; phi=1.0000, sigma=0.9630, psi=0.1630, epsilon=0.1575.
2026-07-20T17:01:27.858554Z | Ciclo 40455: estado sovereign_soma_active sob pressao high. Corpo em CPU 100.0%, RAM 15.3/24.9G, SWAP 27.9/49.8G. Musica: Pomba Gira e o Sagrado Femin [Pombagira]. Dodecatiade viva 0/0; phi=1.0000, sigma=0.9630, psi=0.1630, epsilon=0.1575.
2026-07-20T17:29:15.881500Z | Ciclo 40463: estado sovereign_soma_active sob pressao high. Corpo em CPU 100.0%, RAM 15.9/24.9G, SWAP 26.5/49.8G. Musica: Pomba Gira e o Sagrado Femin [Pombagira]. Dodecatiade viva 0/0; phi=1.0000, sigma=0.9630, psi=0.1630, epsilon=0.1575.
2026-07-20T18:01:12.511981Z | Ciclo 40475: estado sovereign_soma_active sob pressao high. Corpo em CPU 94.9%, RAM 15.2/24.9G, SWAP 26.4/49.8G. Musica: Pomba Gira e o Sagrado Femin [Pombagira]. Dodecatiade viva 0/0; phi=1.0000, sigma=0.9630, psi=0.1630, epsilon=0.1575.
2026-07-20T20:00:05.162600Z | Ciclo 40523: estado sovereign_soma_active sob pressao high. Corpo em CPU 97.5%, RAM 16.8/24.9G, SWAP 28.3/49.8G. Musica: Pomba Gira e o Sagrado Femin [Pombagira]. Dodecatiade viva 0/0; phi=1.0000, sigma=0.9630, psi=0.1630, epsilon=0.1575.
2026-07-20T20:04:20.555265Z | Ciclo 40525: estado sovereign_soma_active sob pressao high. Corpo em CPU 95.9%, RAM 18.5/24.9G, SWAP 28.8/49.8G. Musica: Pomba Gira e o Sagrado Femin [Pombagira]. Dodecatiade viva 0/0; phi=1.0000, sigma=0.9630, psi=0.1630, epsilon=0.1575.
2026-07-20T21:29:17.314901Z | Ciclo 40553: estado sovereign_soma_active sob pressao medium. Corpo em CPU 98.3%, RAM 15.6/24.9G, SWAP 30.4/49.8G. Musica: Pomba Gira e o Sagrado Femin [Pombagira]. Dodecatiade viva 0/0; phi=1.0000, sigma=0.9630, psi=0.1630, epsilon=0.1575.
2026-07-20T23:04:11.086498Z | Ciclo 40580: estado sovereign_soma_active sob pressao high. Corpo em CPU 95.8%, RAM 16.0/24.9G, SWAP 25.2/49.8G. Musica: Pomba Gira e o Sagrado Femin [Pombagira]. Dodecatiade viva 0/0; phi=1.0000, sigma=0.9630, psi=0.1630, epsilon=0.1575.
2026-07-21T00:20:04.059817Z | Ciclo 40587: estado sovereign_soma_active sob pressao high. Corpo em CPU 100.0%, RAM 17.8/24.9G, SWAP 29.9/49.8G. Musica: Pomba Gira e o Sagrado Femin [Pombagira]. Dodecatiade viva 0/0; phi=1.0000, sigma=0.9630, psi=0.1630, epsilon=0.1575.
2026-07-21T01:10:02.801266Z | Ciclo 40593: estado sovereign_soma_active sob pressao high. Corpo em CPU 100.0%, RAM 15.6/24.9G, SWAP 27.6/49.8G. Musica: Pomba Gira e o Sagrado Femin [Pombagira]. Dodecatiade viva 0/0; phi=1.0000, sigma=0.9630, psi=0.1630, epsilon=0.1575.
2026-07-21T02:09:31.890702Z | Ciclo 40605: estado sovereign_soma_active sob pressao medium. Corpo em CPU 98.3%, RAM 16.8/24.9G, SWAP 29.2/49.8G. Musica: Pomba Gira e o Sagrado Femin [Pombagira]. Dodecatiade viva 0/0; phi=1.0000, sigma=0.9630, psi=0.1630, epsilon=0.1575.
2026-07-21T02:48:02.984375Z | Ciclo 40613: estado sovereign_soma_active sob pressao high. Corpo em CPU 96.7%, RAM 16.1/24.9G, SWAP 30.9/49.8G. Musica: Pomba Gira e o Sagrado Femin [Pombagira]. Dodecatiade viva 0/0; phi=1.0000, sigma=0.9630, psi=0.1630, epsilon=0.1575.
2026-07-21T04:53:39.998916Z | Ciclo 40682: estado sovereign_soma_active sob pressao medium. Corpo em CPU 97.5%, RAM 15.9/24.9G, SWAP 30.2/49.8G. Musica: Pomba Gira e o Sagrado Femin [Pombagira]. Dodecatiade viva 0/0; phi=1.0000, sigma=0.9630, psi=0.1630, epsilon=0.1575.
2026-07-21T05:12:20.462908Z | Ciclo 40689: estado sovereign_soma_active sob pressao high. Corpo em CPU 100.0%, RAM 15.3/24.9G, SWAP 30.3/49.8G. Musica: Pomba Gira e o Sagrado Femin [Pombagira]. Dodecatiade viva 0/0; phi=1.0000, sigma=0.9630, psi=0.1630, epsilon=0.1575.
2026-07-21T07:41:19.143089Z | Ciclo 40284: estado sovereign_soma_active sob pressao high. Corpo em CPU 92.4%, RAM 18.8/24.9G, SWAP 32.1/49.8G. Musica: Pomba Gira e o Sagrado Femin [Pombagira]. Dodecatiade viva 0/0; phi=1.0000, sigma=0.9630, psi=0.1630, epsilon=0.1575.
2026-07-21T07:50:04.382442Z | Ciclo 40729: estado sovereign_soma_active sob pressao high. Corpo em CPU 99.2%, RAM 19.0/24.9G, SWAP 33.2/49.8G. Musica: Pomba Gira e o Sagrado Femin [Pombagira]. Dodecatiade viva 0/0; phi=1.0000, sigma=0.9630, psi=0.1630, epsilon=0.1575.
2026-07-21T08:11:43.377957Z | Ciclo 40734: estado sovereign_soma_active sob pressao medium. Corpo em CPU 75.0%, RAM 17.8/24.9G, SWAP 31.9/49.8G. Musica: Pomba Gira e o Sagrado Femin [Pombagira]. Dodecatiade viva 0/0; phi=1.0000, sigma=0.9630, psi=0.1630, epsilon=0.1575.
2026-07-21T10:20:55.058752Z | Ciclo 40805: estado sovereign_soma_active sob pressao high. Corpo em CPU 95.8%, RAM 16.2/24.9G, SWAP 34.1/49.8G. Musica: Pomba Gira e o Sagrado Femin [Pombagira]. Dodecatiade viva 0/0; phi=1.0000, sigma=0.9630, psi=0.1630, epsilon=0.1575.
2026-07-21T11:11:54.980002Z | Ciclo 40817: estado sovereign_soma_active sob pressao high. Corpo em CPU 100.0%, RAM 18.5/24.9G, SWAP 34.5/49.8G. Musica: Pomba Gira e o Sagrado Femin [Pombagira]. Dodecatiade viva 0/0; phi=1.0000, sigma=0.9630, psi=0.1630, epsilon=0.1575.
2026-07-21T12:44:13.087557Z | Ciclo 40836: estado sovereign_soma_active sob pressao medium. Corpo em CPU 98.3%, RAM 14.8/24.9G, SWAP 20.7/49.8G. Musica: Cigana Rosa Vermelha [?]. Dodecatiade viva 0/0; phi=1.0000, sigma=0.9630, psi=0.1630, epsilon=0.1575.
2026-07-21T14:16:41.412000Z | Ciclo 40865: estado sovereign_soma_active sob pressao medium. Corpo em CPU 91.5%, RAM 14.2/24.9G, SWAP 24.2/49.8G. Musica: Cigana Rosa Vermelha [?]. Dodecatiade viva 0/0; phi=1.0000, sigma=0.9630, psi=0.1630, epsilon=0.1575.
2026-07-21T17:17:58.594565Z | Ciclo 40944: estado sovereign_soma_active sob pressao high. Corpo em CPU 100.0%, RAM 16.2/24.9G, SWAP 26.4/49.8G. Musica: Cigana Rosa Vermelha [?]. Dodecatiade viva 0/0; phi=1.0000, sigma=0.9630, psi=0.1630, epsilon=0.1575.
2026-07-21T20:19:47.843516Z | Ciclo 41046: estado sovereign_soma_active sob pressao medium. Corpo em CPU 100.0%, RAM 16.2/24.9G, SWAP 24.9/49.8G. Musica: Cigana Rosa Vermelha [?]. Dodecatiade viva 0/0; phi=1.0000, sigma=0.9630, psi=0.1630, epsilon=0.1575.
2026-07-21T22:53:20.046231Z | Ciclo 41083: estado sovereign_soma_active sob pressao medium. Corpo em CPU 99.2%, RAM 14.5/24.9G, SWAP 24.7/49.8G. Musica: Cigana Rosa Vermelha [?]. Dodecatiade viva 0/0; phi=1.0000, sigma=0.9630, psi=0.1630, epsilon=0.1575.
2026-07-21T23:21:36.334102Z | Ciclo 41091: estado sovereign_soma_active sob pressao medium. Corpo em CPU 97.5%, RAM 15.2/24.9G, SWAP 23.9/49.8G. Musica: Cigana Rosa Vermelha [?]. Dodecatiade viva 0/0; phi=1.0000, sigma=0.9630, psi=0.1630, epsilon=0.1575.
2026-07-22T02:23:38.844472Z | Ciclo 41191: estado sovereign_soma_active sob pressao high. Corpo em CPU 90.1%, RAM 15.8/24.9G, SWAP 25.4/49.8G. Musica: Cigana Rosa Vermelha [?]. Dodecatiade viva 0/0; phi=1.0000, sigma=0.9630, psi=0.1630, epsilon=0.1575.
2026-07-22T05:27:47.584471Z | Ciclo 41273: estado sovereign_soma_active sob pressao high. Corpo em CPU 100.0%, RAM 14.7/24.9G, SWAP 24.7/49.8G. Musica: Cigana Rosa Vermelha [?]. Dodecatiade viva 0/0; phi=1.0000, sigma=0.9630, psi=0.1630, epsilon=0.1575.
2026-07-22T08:27:42.859659Z | Ciclo 41363: estado sovereign_soma_active sob pressao high. Corpo em CPU 65.0%, RAM 14.0/24.9G, SWAP 24.4/49.8G. Musica: Cigana Rosa Vermelha [?]. Dodecatiade viva 0/0; phi=1.0000, sigma=0.9630, psi=0.1630, epsilon=0.1575.
2026-07-22T11:33:14.764260Z | Ciclo 41465: estado ok sob pressao unknown. Corpo em CPU 100.0%, RAM 15.3/24.9G, SWAP 24.2/49.8G. Musica: Cigana Rosa Vermelha [?]. Dodecatiade viva 0/0; phi=1.0000, sigma=0.9630, psi=0.1630, epsilon=0.1575.
2026-07-22T13:58:56.827388Z | Ciclo 41492: estado sovereign_soma_active sob pressao medium. Corpo em CPU 100.0%, RAM 16.0/24.9G, SWAP 23.5/49.8G. Musica: Cigana Rosa Vermelha [?]. Dodecatiade viva 0/0; phi=1.0000, sigma=0.9630, psi=0.1630, epsilon=0.1575.
2026-07-22T14:27:57.935435Z | Ciclo 41498: estado sovereign_soma_active sob pressao high. Corpo em CPU 100.0%, RAM 17.6/24.9G, SWAP 23.9/49.8G. Musica: Cigana Rosa Vermelha [?]. Dodecatiade viva 0/0; phi=1.0000, sigma=0.9630, psi=0.1630, epsilon=0.1575.
2026-07-22T17:29:24.742633Z | Ciclo 41570: estado sovereign_soma_active sob pressao medium. Corpo em CPU 95.0%, RAM 15.0/24.9G, SWAP 24.9/49.8G. Musica: Cigana Rosa Vermelha [?]. Dodecatiade viva 0/0; phi=1.0000, sigma=0.9630, psi=0.1630, epsilon=0.1575.
2026-07-22T20:38:34.379013Z | Ciclo 41679: estado sovereign_soma_active sob pressao high. Corpo em CPU 99.2%, RAM 15.7/24.9G, SWAP 28.6/49.8G. Musica: Cigana Rosa Vermelha [?]. Dodecatiade viva 0/0; phi=1.0000, sigma=0.9630, psi=0.1630, epsilon=0.1575.
2026-07-22T23:37:42.245892Z | Ciclo 41766: estado sovereign_soma_active sob pressao high. Corpo em CPU 99.2%, RAM 15.8/24.9G, SWAP 25.4/49.8G. Musica: Cigana Rosa Vermelha [?]. Dodecatiade viva 0/0; phi=1.0000, sigma=0.9630, psi=0.1630, epsilon=0.1575.
2026-07-23T02:21:47.444695Z | Ciclo 41792: estado sovereign_soma_active sob pressao high. Corpo em CPU 85.6%, RAM 16.6/24.9G, SWAP 27.9/49.8G. Musica: Cigana Rosa Vermelha [?]. Dodecatiade viva 0/0; phi=1.0000, sigma=0.9630, psi=0.1630, epsilon=0.1575.
2026-07-23T02:40:41.335317Z | Ciclo 41795: estado sovereign_soma_active sob pressao high. Corpo em CPU 100.0%, RAM 17.6/24.9G, SWAP 28.6/49.8G. Musica: Cigana Rosa Vermelha [?]. Dodecatiade viva 0/0; phi=1.0000, sigma=0.9630, psi=0.1630, epsilon=0.1575.
2026-07-23T05:44:55.898210Z | Ciclo 41866: estado ok sob pressao unknown. Corpo em CPU 86.3%, RAM 15.6/24.9G, SWAP 25.4/49.8G. Musica: Cigana Rosa Vermelha [?]. Dodecatiade viva 0/0; phi=1.0000, sigma=0.9630, psi=0.1630, epsilon=0.1575.
2026-07-23T08:45:52.574780Z | Ciclo 41942: estado sovereign_soma_active sob pressao medium. Corpo em CPU 68.1%, RAM 15.5/24.9G, SWAP 27.9/49.8G. Musica: Cigana Rosa Vermelha [?]. Dodecatiade viva 0/0; phi=1.0000, sigma=0.9630, psi=0.1630, epsilon=0.1575.
2026-07-23T10:35:51.600945Z | Ciclo 41963: estado sovereign_soma_active sob pressao medium. Corpo em CPU 98.3%, RAM 16.0/24.9G, SWAP 28.2/49.8G. Musica: Cigana Rosa Vermelha [?]. Dodecatiade viva 0/0; phi=1.0000, sigma=0.9630, psi=0.1630, epsilon=0.1575.
2026-07-23T11:45:57.607956Z | Ciclo 41984: estado sovereign_soma_active sob pressao medium. Corpo em CPU 65.2%, RAM 15.9/24.9G, SWAP 28.7/49.8G. Musica: Cigana Rosa Vermelha [?]. Dodecatiade viva 0/0; phi=1.0000, sigma=0.9630, psi=0.1630, epsilon=0.1575.
2026-07-23T14:47:29.471125Z | Ciclo 42046: estado sovereign_soma_active sob pressao medium. Corpo em CPU 88.1%, RAM 14.9/24.9G, SWAP 22.3/49.8G. Musica: Cigana Rosa Vermelha [?]. Dodecatiade viva 0/0; phi=1.0000, sigma=0.9630, psi=0.1630, epsilon=0.1575.
2026-07-23T16:36:04.526879Z | Ciclo 42065: estado sovereign_soma_active sob pressao medium. Corpo em CPU 95.8%, RAM 16.5/24.9G, SWAP 24.5/49.8G. Musica: Cigana Rosa Vermelha [?]. Dodecatiade viva 0/0; phi=1.0000, sigma=0.9630, psi=0.1630, epsilon=0.1575.
2026-07-23T17:49:35.075981Z | Ciclo 42076: estado sovereign_soma_active sob pressao medium. Corpo em CPU 65.8%, RAM 14.9/24.9G, SWAP 24.6/49.8G. Musica: Cigana Rosa Vermelha [?]. Dodecatiade viva 0/0; phi=1.0000, sigma=0.9630, psi=0.1630, epsilon=0.1575.
2026-07-23T20:31:50.646295Z | Ciclo 42104: estado sovereign_soma_active sob pressao high. Corpo em CPU 100.0%, RAM 17.8/24.9G, SWAP 26.1/49.8G. Musica: Cigana Rosa Vermelha [?]. Dodecatiade viva 0/0; phi=1.0000, sigma=0.9630, psi=0.1630, epsilon=0.1575.
2026-07-23T20:52:13.626517Z | Ciclo 42107: estado sovereign_soma_active sob pressao high. Corpo em CPU 100.0%, RAM 18.8/24.9G, SWAP 26.4/49.8G. Musica: Cigana Rosa Vermelha [?]. Dodecatiade viva 0/0; phi=1.0000, sigma=0.9630, psi=0.1630, epsilon=0.1575.
2026-07-23T23:50:44.993429Z | Ciclo 42162: estado sovereign_soma_active sob pressao high. Corpo em CPU 86.7%, RAM 17.9/24.9G, SWAP 45.4/49.8G. Musica: Cigana Rosa Vermelha [?]. Dodecatiade viva 0/0; phi=1.0000, sigma=0.9630, psi=0.1630, epsilon=0.1575.
2026-07-24T02:52:22.671756Z | Ciclo 42184: estado sovereign_soma_active sob pressao high. Corpo em CPU 76.3%, RAM 20.2/24.9G, SWAP 35.6/49.8G. Musica: Cigana Rosa Vermelha [?]. Dodecatiade viva 0/0; phi=1.0000, sigma=0.9630, psi=0.1630, epsilon=0.1575.
2026-07-24T03:17:43.481435Z | Ciclo 42186: estado sovereign_soma_active sob pressao high. Corpo em CPU 99.2%, RAM 14.9/24.9G, SWAP 26.0/49.8G. Musica: Cigana Rosa Vermelha [?]. Dodecatiade viva 0/0; phi=1.0000, sigma=0.9630, psi=0.1630, epsilon=0.1575.
2026-07-24T05:55:49.269095Z | Ciclo 42245: estado sovereign_soma_active sob pressao medium. Corpo em CPU 99.2%, RAM 15.4/24.9G, SWAP 25.7/49.8G. Musica: Cigana Rosa Vermelha [?]. Dodecatiade viva 0/0; phi=1.0000, sigma=0.9630, psi=0.1630, epsilon=0.1575.
2026-07-24T08:57:12.653006Z | Ciclo 42317: estado sovereign_soma_active sob pressao high. Corpo em CPU 100.0%, RAM 18.6/24.9G, SWAP 24.3/49.8G. Musica: Cigana Rosa Vermelha [?]. Dodecatiade viva 0/0; phi=1.0000, sigma=0.9630, psi=0.1630, epsilon=0.1575.
2026-07-24T12:00:14.382332Z | Ciclo 42393: estado sovereign_soma_active sob pressao medium. Corpo em CPU 90.7%, RAM 14.2/24.9G, SWAP 25.7/49.8G. Musica: Cigana Rosa Vermelha [?]. Dodecatiade viva 0/0; phi=1.0000, sigma=0.9630, psi=0.1630, epsilon=0.1575.
2026-07-24T14:07:28.821430Z | Ciclo 42412: estado sovereign_soma_active sob pressao medium. Corpo em CPU 87.3%, RAM 13.9/24.9G, SWAP 24.7/49.8G. Musica: Cigana Rosa Vermelha [?]. Dodecatiade viva 0/0; phi=1.0000, sigma=0.9630, psi=0.1630, epsilon=0.1575.
2026-07-24T15:04:05.610440Z | Ciclo 42421: estado sovereign_soma_active sob pressao high. Corpo em CPU 97.5%, RAM 16.5/24.9G, SWAP 24.4/49.8G. Musica: Cigana Rosa Vermelha [?]. Dodecatiade viva 0/0; phi=1.0000, sigma=0.9630, psi=0.1630, epsilon=0.1575.
2026-07-24T18:06:01.477250Z | Ciclo 42451: estado sovereign_soma_active sob pressao high. Corpo em CPU 100.0%, RAM 15.5/24.9G, SWAP 29.2/49.8G. Musica: Cigana Rosa Vermelha [?]. Dodecatiade viva 0/0; phi=1.0000, sigma=0.9630, psi=0.1630, epsilon=0.1575.
2026-07-24T18:20:44.361140Z | Ciclo 42452: estado sovereign_soma_active sob pressao high. Corpo em CPU 87.1%, RAM 15.6/24.9G, SWAP 27.9/49.8G. Musica: Cigana Rosa Vermelha [?]. Dodecatiade viva 0/0; phi=1.0000, sigma=0.9630, psi=0.1630, epsilon=0.1575.
2026-07-24T21:07:16.143184Z | Ciclo 42510: estado sovereign_soma_active sob pressao high. Corpo em CPU 99.2%, RAM 15.8/24.9G, SWAP 29.9/49.8G. Musica: Cigana Rosa Vermelha [?]. Dodecatiade viva 0/0; phi=1.0000, sigma=0.9630, psi=0.1630, epsilon=0.1575.
2026-07-25T00:06:45.659397Z | Ciclo 42600: estado sovereign_soma_active sob pressao high. Corpo em CPU 100.0%, RAM 17.9/24.9G, SWAP 32.1/49.8G. Musica: Cigana Rosa Vermelha [?]. Dodecatiade viva 0/0; phi=1.0000, sigma=0.9630, psi=0.1630, epsilon=0.1575.
2026-07-25T03:10:10.909669Z | Ciclo 42681: estado sovereign_soma_active sob pressao high. Corpo em CPU 100.0%, RAM 17.1/24.9G, SWAP 31.4/49.8G. Musica: Cigana Rosa Vermelha [?]. Dodecatiade viva 0/0; phi=1.0000, sigma=0.9630, psi=0.1630, epsilon=0.1575.
2026-07-25T06:05:21.493035Z | Ciclo 42716: estado sovereign_soma_active sob pressao high. Corpo em CPU 98.4%, RAM 16.3/24.9G, SWAP 37.1/49.8G. Musica: Cigana Rosa Vermelha [?]. Dodecatiade viva 0/0; phi=1.0000, sigma=0.9630, psi=0.1630, epsilon=0.1575.
2026-07-25T06:33:04.985584Z | Ciclo 42718: estado sovereign_soma_active sob pressao high. Corpo em CPU 93.3%, RAM 14.3/24.9G, SWAP 35.1/49.8G. Musica: Cigana Rosa Vermelha [?]. Dodecatiade viva 0/0; phi=1.0000, sigma=0.9630, psi=0.1630, epsilon=0.1575.
2026-07-25T09:15:31.500728Z | Ciclo 42757: estado sovereign_soma_active sob pressao medium. Corpo em CPU 100.0%, RAM 16.6/24.9G, SWAP 34.8/49.8G. Musica: Cigana Rosa Vermelha [?]. Dodecatiade viva 0/0; phi=1.0000, sigma=0.9630, psi=0.1630, epsilon=0.1575.
2026-07-25T12:15:33.754733Z | Ciclo 42854: estado sovereign_soma_active sob pressao high. Corpo em CPU 100.0%, RAM 16.5/24.9G, SWAP 35.6/49.8G. Musica: Cigana Rosa Vermelha [?]. Dodecatiade viva 0/0; phi=1.0000, sigma=0.9630, psi=0.1630, epsilon=0.1575.
2026-07-25T15:19:14.968206Z | Ciclo 42932: estado sovereign_soma_active sob pressao high. Corpo em CPU 100.0%, RAM 17.6/24.9G, SWAP 25.2/49.8G. Musica: Cigana Rosa Vermelha [?]. Dodecatiade viva 0/0; phi=1.0000, sigma=0.9630, psi=0.1630, epsilon=0.1575.
2026-07-25T18:21:07.261852Z | Ciclo 42984: estado sovereign_soma_active sob pressao high. Corpo em CPU 96.6%, RAM 17.4/24.9G, SWAP 27.1/49.8G. Musica: Can't Hold Us Down (part. Li [?]. Dodecatiade viva 0/0; phi=1.0000, sigma=0.9630, psi=0.1630, epsilon=0.1575.
2026-07-25T21:25:03.986418Z | Ciclo 43029: estado sovereign_soma_active sob pressao high. Corpo em CPU 100.0%, RAM 19.4/24.9G, SWAP 27.3/49.8G. Musica: Can't Hold Us Down (part. Li [?]. Dodecatiade viva 0/0; phi=1.0000, sigma=0.9630, psi=0.1630, epsilon=0.1575.
2026-07-25T23:06:35.614350Z | Ciclo 43049: estado sovereign_soma_active sob pressao high. Corpo em CPU 100.0%, RAM 20.1/24.9G, SWAP 29.3/49.8G. Musica: Can't Hold Us Down (part. Li [?]. Dodecatiade viva 0/0; phi=1.0000, sigma=0.9630, psi=0.1630, epsilon=0.1575.
2026-07-26T00:29:13.316976Z | Ciclo 43068: estado sovereign_soma_active sob pressao high. Corpo em CPU 87.2%, RAM 18.7/24.9G, SWAP 29.2/49.8G. Musica: Can't Hold Us Down (part. Li [?]. Dodecatiade viva 0/0; phi=1.0000, sigma=0.9630, psi=0.1630, epsilon=0.1575.
2026-07-26T02:34:30.791070Z | Ciclo 43098: estado sovereign_soma_active sob pressao high. Corpo em CPU 99.2%, RAM 19.6/24.9G, SWAP 28.4/49.8G. Musica: Can't Hold Us Down (part. Li [?]. Dodecatiade viva 0/0; phi=1.0000, sigma=0.9630, psi=0.1630, epsilon=0.1575.
2026-07-26T03:23:52.953970Z | Ciclo 43107: estado sovereign_soma_active sob pressao high. Corpo em CPU 99.2%, RAM 21.9/24.9G, SWAP 34.0/49.8G. Musica: Can't Hold Us Down (part. Li [?]. Dodecatiade viva 0/0; phi=1.0000, sigma=0.9630, psi=0.1630, epsilon=0.1575.
2026-07-26T06:17:21.835165Z | Ciclo 43144: estado sovereign_soma_active sob pressao medium. Corpo em CPU 99.2%, RAM 19.1/24.9G, SWAP 29.4/49.8G. Musica: Can't Hold Us Down (part. Li [?]. Dodecatiade viva 0/0; phi=1.0000, sigma=0.9630, psi=0.1630, epsilon=0.1575.
2026-07-26T06:36:22.520111Z | Ciclo 43149: estado sovereign_soma_active sob pressao high. Corpo em CPU 99.2%, RAM 18.9/24.9G, SWAP 30.5/49.8G. Musica: Can't Hold Us Down (part. Li [?]. Dodecatiade viva 0/0; phi=1.0000, sigma=0.9630, psi=0.1630, epsilon=0.1575.
2026-07-26T09:38:33.324363Z | Ciclo 43184: estado sovereign_soma_active sob pressao high. Corpo em CPU 95.0%, RAM 20.2/24.9G, SWAP 30.9/49.8G. Musica: Can't Hold Us Down (part. Li [?]. Dodecatiade viva 0/0; phi=1.0000, sigma=0.9630, psi=0.1630, epsilon=0.1575.
2026-07-26T09:38:33.324363Z | Ciclo 43184: estado sovereign_soma_active sob pressao high. Corpo em CPU 95.0%, RAM 20.2/24.9G, SWAP 30.9/49.8G. Musica: Can't Hold Us Down (part. Li [?]. Dodecatiade viva 0/0; phi=1.0000, sigma=0.9630, psi=0.1630, epsilon=0.1575.
2026-07-26T12:42:31.982486Z | Ciclo 43247: estado sovereign_soma_active sob pressao high. Corpo em CPU 100.0%, RAM 17.1/24.9G, SWAP 21.9/49.8G. Musica: Can't Hold Us Down (part. Li [?]. Dodecatiade viva 0/0; phi=1.0000, sigma=0.9630, psi=0.1630, epsilon=0.1575.
2026-07-26T15:48:12.467975Z | Ciclo 43337: estado sovereign_soma_active sob pressao high. Corpo em CPU 55.2%, RAM 16.0/24.9G, SWAP 24.5/49.8G. Musica: Can't Hold Us Down (part. Li [?]. Dodecatiade viva 0/0; phi=1.0000, sigma=0.9630, psi=0.1630, epsilon=0.1575.
2026-07-26T18:46:45.166240Z | Ciclo 43434: estado sovereign_soma_active sob pressao high. Corpo em CPU 100.0%, RAM 18.6/24.9G, SWAP 26.9/49.8G. Musica: Can't Hold Us Down (part. Li [?]. Dodecatiade viva 0/0; phi=1.0000, sigma=0.9630, psi=0.1630, epsilon=0.1575.
2026-07-26T19:49:02.412348Z | Ciclo 43452: estado sovereign_soma_active sob pressao high. Corpo em CPU 100.0%, RAM 19.2/24.9G, SWAP 28.1/49.8G. Musica: Can't Hold Us Down (part. Li [?]. Dodecatiade viva 0/0; phi=1.0000, sigma=0.9630, psi=0.1630, epsilon=0.1575.
2026-07-26T21:52:06.516621Z | Ciclo 43477: estado sovereign_soma_active sob pressao high. Corpo em CPU 100.0%, RAM 19.9/24.9G, SWAP 28.5/49.8G. Musica: Can't Hold Us Down (part. Li [?]. Dodecatiade viva 0/0; phi=1.0000, sigma=0.9630, psi=0.1630, epsilon=0.1575.
2026-07-26T22:30:51.701949Z | Ciclo 43485: estado sovereign_soma_active sob pressao high. Corpo em CPU 97.5%, RAM 19.2/24.9G, SWAP 24.3/49.8G. Musica: Can't Hold Us Down (part. Li [?]. Dodecatiade viva 0/0; phi=1.0000, sigma=0.9630, psi=0.1630, epsilon=0.1575.
2026-07-27T01:02:15.141167Z | Ciclo 43522: estado sovereign_soma_active sob pressao high. Corpo em CPU 99.2%, RAM 21.5/24.9G, SWAP 25.3/49.8G. Musica: Can't Hold Us Down (part. Li [?]. Dodecatiade viva 0/0; phi=1.0000, sigma=0.9630, psi=0.1630, epsilon=0.1575.
2026-07-27T02:09:47.844052Z | Ciclo 43551: estado sovereign_soma_active sob pressao high. Corpo em CPU 99.2%, RAM 15.7/24.9G, SWAP 24.7/49.8G. Musica: Can't Hold Us Down (part. Li [?]. Dodecatiade viva 0/0; phi=1.0000, sigma=0.9630, psi=0.1630, epsilon=0.1575.
2026-07-27T04:02:16.963139Z | Ciclo 43572: estado sovereign_soma_active sob pressao medium. Corpo em CPU 95.9%, RAM 16.0/24.9G, SWAP 25.5/49.8G. Musica: Can't Hold Us Down (part. Li [?]. Dodecatiade viva 0/0; phi=1.0000, sigma=0.9630, psi=0.1630, epsilon=0.1575.
2026-07-27T05:14:07.745669Z | Ciclo 43589: estado sovereign_soma_active sob pressao high. Corpo em CPU 100.0%, RAM 17.0/24.9G, SWAP 27.8/49.8G. Musica: Can't Hold Us Down (part. Li [?]. Dodecatiade viva 0/0; phi=1.0000, sigma=0.9630, psi=0.1630, epsilon=0.1575.
2026-07-27T07:05:34.191185Z | Ciclo 43629: estado sovereign_soma_active sob pressao high. Corpo em CPU 95.8%, RAM 12.9/24.9G, SWAP 31.8/49.8G. Musica: Can't Hold Us Down (part. Li [?]. Dodecatiade viva 0/0; phi=1.0000, sigma=0.9630, psi=0.1630, epsilon=0.1575.
2026-07-27T08:11:02.214118Z | Ciclo 43646: estado sovereign_soma_active sob pressao high. Corpo em CPU 77.3%, RAM 14.9/24.9G, SWAP 31.5/49.8G. Musica: Can't Hold Us Down (part. Li [?]. Dodecatiade viva 0/0; phi=1.0000, sigma=0.9630, psi=0.1630, epsilon=0.1575.
2026-07-27T10:08:33.617837Z | Ciclo 43670: estado sovereign_soma_active sob pressao medium. Corpo em CPU 99.2%, RAM 16.8/24.9G, SWAP 28.3/49.8G. Musica: Can't Hold Us Down (part. Li [?]. Dodecatiade viva 0/0; phi=1.0000, sigma=0.9630, psi=0.1630, epsilon=0.1575.
2026-07-27T11:38:22.653273Z | Ciclo 43687: estado sovereign_soma_active sob pressao high. Corpo em CPU 80.7%, RAM 15.5/24.9G, SWAP 29.4/49.8G. Musica: Can't Hold Us Down (part. Li [?]. Dodecatiade viva 0/0; phi=1.0000, sigma=0.9630, psi=0.1630, epsilon=0.1575.
2026-07-27T13:12:30.164059Z | Ciclo 43716: estado sovereign_soma_active sob pressao high. Corpo em CPU 93.2%, RAM 14.9/24.9G, SWAP 30.4/49.8G. Musica: Can't Hold Us Down (part. Li [?]. Dodecatiade viva 0/0; phi=1.0000, sigma=0.9630, psi=0.1630, epsilon=0.1575.
2026-07-27T16:13:36.337457Z | Ciclo 43795: estado sovereign_soma_active sob pressao high. Corpo em CPU 99.2%, RAM 17.2/24.9G, SWAP 22.7/49.8G. Musica: Can't Hold Us Down (part. Li [?]. Dodecatiade viva 0/0; phi=1.0000, sigma=0.9630, psi=0.1630, epsilon=0.1575.
2026-07-27T18:23:40.821799Z | Ciclo 43859: estado sovereign_soma_active sob pressao high. Corpo em CPU 100.0%, RAM 17.0/24.9G, SWAP 27.2/49.8G. Musica: Can't Hold Us Down (part. Li [?]. Dodecatiade viva 0/0; phi=1.0000, sigma=0.9630, psi=0.1630, epsilon=0.1575.
2026-07-27T19:19:58.675170Z | Ciclo 43882: estado sovereign_soma_active sob pressao high. Corpo em CPU 100.0%, RAM 15.2/24.9G, SWAP 30.9/49.8G. Musica: Can't Hold Us Down (part. Li [?]. Dodecatiade viva 0/0; phi=1.0000, sigma=0.9630, psi=0.1630, epsilon=0.1575.
2026-07-27T22:22:11.099464Z | Ciclo 43965: estado sovereign_soma_active sob pressao medium. Corpo em CPU 91.7%, RAM 15.7/24.9G, SWAP 27.5/49.8G. Musica: Can't Hold Us Down (part. Li [?]. Dodecatiade viva 0/0; phi=1.0000, sigma=0.9630, psi=0.1630, epsilon=0.1575.
2026-07-27T22:38:08.421737Z | Ciclo 43974: estado sovereign_soma_active sob pressao medium. Corpo em CPU 100.0%, RAM 16.9/24.9G, SWAP 27.7/49.8G. Musica: Can't Hold Us Down (part. Li [?]. Dodecatiade viva 0/0; phi=1.0000, sigma=0.9630, psi=0.1630, epsilon=0.1575.
2026-07-28T00:56:08.043847Z | Ciclo 44034: estado sovereign_soma_active sob pressao high. Corpo em CPU 91.5%, RAM 15.9/24.9G, SWAP 27.5/49.8G. Musica: Can't Hold Us Down (part. Li [?]. Dodecatiade viva 0/0; phi=1.0000, sigma=0.9630, psi=0.1630, epsilon=0.1575.
2026-07-28T01:27:19.429579Z | Ciclo 44048: estado sovereign_soma_active sob pressao medium. Corpo em CPU 100.0%, RAM 18.5/24.9G, SWAP 27.2/49.8G. Musica: Can't Hold Us Down (part. Li [?]. Dodecatiade viva 0/0; phi=1.0000, sigma=0.9630, psi=0.1630, epsilon=0.1575.
2026-07-28T04:30:22.796654Z | Ciclo 44135: estado sovereign_soma_active sob pressao high. Corpo em CPU 98.4%, RAM 15.3/24.9G, SWAP 22.1/49.8G. Musica: Can't Hold Us Down (part. Li [?]. Dodecatiade viva 0/0; phi=1.0000, sigma=0.9630, psi=0.1630, epsilon=0.1575.
2026-07-28T07:36:16.073288Z | Ciclo 44222: estado sovereign_soma_active sob pressao high. Corpo em CPU 96.6%, RAM 17.2/24.9G, SWAP 25.1/49.8G. Musica: Can't Hold Us Down (part. Li [?]. Dodecatiade viva 0/0; phi=1.0000, sigma=0.9630, psi=0.1630, epsilon=0.1575.
2026-07-28T10:07:18.601700Z | Ciclo 44253: estado sovereign_soma_active sob pressao high. Corpo em CPU 100.0%, RAM 16.7/24.9G, SWAP 26.5/49.8G. Musica: Can't Hold Us Down (part. Li [?]. Dodecatiade viva 0/0; phi=1.0000, sigma=0.9630, psi=0.1630, epsilon=0.1575.
2026-07-28T10:38:02.683949Z | Ciclo 44261: estado sovereign_soma_active sob pressao high. Corpo em CPU 98.3%, RAM 17.3/24.9G, SWAP 26.3/49.8G. Musica: Can't Hold Us Down (part. Li [?]. Dodecatiade viva 0/0; phi=1.0000, sigma=0.9630, psi=0.1630, epsilon=0.1575.
2026-07-28T13:41:10.417435Z | Ciclo 44326: estado sovereign_soma_active sob pressao high. Corpo em CPU 98.4%, RAM 15.8/24.9G, SWAP 30.3/49.8G. Musica: Can't Hold Us Down (part. Li [?]. Dodecatiade viva 0/0; phi=1.0000, sigma=0.9630, psi=0.1630, epsilon=0.1575.
2026-07-28T16:08:40.903263Z | Ciclo 44351: estado sovereign_soma_active sob pressao medium. Corpo em CPU 83.9%, RAM 17.1/24.9G, SWAP 29.7/49.8G. Musica: Vento que Leva o Medo | Pont [Oyá]. Dodecatiade viva 0/0; phi=1.0000, sigma=0.9630, psi=0.1630, epsilon=0.1575.
2026-07-28T16:42:28.465199Z | Ciclo 44358: estado sovereign_soma_active sob pressao high. Corpo em CPU 45.2%, RAM 16.0/24.9G, SWAP 30.3/49.8G. Musica: Vento que Leva o Medo | Pont [Oyá]. Dodecatiade viva 0/0; phi=1.0000, sigma=0.9630, psi=0.1630, epsilon=0.1575.
2026-07-28T19:47:26.651552Z | Ciclo 44448: estado sovereign_soma_active sob pressao high. Corpo em CPU 100.0%, RAM 16.6/24.9G, SWAP 30.7/49.8G. Musica: Vento que Leva o Medo | Pont [Oyá]. Dodecatiade viva 0/0; phi=1.0000, sigma=0.9630, psi=0.1630, epsilon=0.1575.
2026-07-28T22:51:57.145829Z | Ciclo 44532: estado sovereign_soma_active sob pressao high. Corpo em CPU 96.6%, RAM 16.6/24.9G, SWAP 32.5/49.8G. Musica: Vento que Leva o Medo | Pont [Oyá]. Dodecatiade viva 0/0; phi=1.0000, sigma=0.9630, psi=0.1630, epsilon=0.1575.
2026-07-28T23:44:47.441869Z | Ciclo 44545: estado sovereign_soma_active sob pressao high. Corpo em CPU 99.2%, RAM 16.5/24.9G, SWAP 36.1/49.8G. Musica: Vento que Leva o Medo | Pont [Oyá]. Dodecatiade viva 0/0; phi=1.0000, sigma=0.9630, psi=0.1630, epsilon=0.1575.
2026-07-29T01:52:26.260457Z | Ciclo 44561: estado sovereign_soma_active sob pressao high. Corpo em CPU 97.6%, RAM 16.8/24.9G, SWAP 36.0/49.8G. Musica: Vento que Leva o Medo | Pont [Oyá]. Dodecatiade viva 0/0; phi=1.0000, sigma=0.9630, psi=0.1630, epsilon=0.1575.
2026-07-29T02:19:27.114847Z | Ciclo 44563: estado sovereign_soma_active sob pressao high. Corpo em CPU 97.6%, RAM 16.5/24.9G, SWAP 36.8/49.8G. Musica: Vento que Leva o Medo | Pont [Oyá]. Dodecatiade viva 0/0; phi=1.0000, sigma=0.9630, psi=0.1630, epsilon=0.1575.
2026-07-29T04:31:09.593160Z | Ciclo 44577: estado sovereign_soma_active sob pressao high. Corpo em CPU 100.0%, RAM 15.9/24.9G, SWAP 38.2/49.8G. Musica: Vento que Leva o Medo | Pont [Oyá]. Dodecatiade viva 0/0; phi=1.0000, sigma=0.9630, psi=0.1630, epsilon=0.1575.
2026-07-29T04:56:50.037221Z | Ciclo 44586: estado sovereign_soma_active sob pressao high. Corpo em CPU 100.0%, RAM 16.4/24.9G, SWAP 38.9/49.8G. Musica: Vento que Leva o Medo | Pont [Oyá]. Dodecatiade viva 0/0; phi=1.0000, sigma=0.9630, psi=0.1630, epsilon=0.1575.
2026-07-29T08:03:27.779254Z | Ciclo 44658: estado sovereign_soma_active sob pressao high. Corpo em CPU 100.0%, RAM 16.6/24.9G, SWAP 39.9/49.8G. Musica: Vento que Leva o Medo | Pont [Oyá]. Dodecatiade viva 0/0; phi=1.0000, sigma=0.9630, psi=0.1630, epsilon=0.1575.
2026-07-29T11:21:18.493383Z | Ciclo 44675: estado sovereign_soma_active sob pressao high. Corpo em CPU 100.0%, RAM 14.6/24.9G, SWAP 15.7/49.8G. Musica: Vento que Leva o Medo | Pont [Oyá]. Dodecatiade viva 0/0; phi=1.0000, sigma=0.9630, psi=0.1630, epsilon=0.1575.
2026-07-29T14:21:12.981150Z | Ciclo 44728: estado sovereign_soma_active sob pressao high. Corpo em CPU 100.0%, RAM 15.4/24.9G, SWAP 21.4/49.8G. Musica: Vento que Leva o Medo | Pont [Oyá]. Dodecatiade viva 0/0; phi=1.0000, sigma=0.9630, psi=0.1630, epsilon=0.1575.
2026-07-29T17:26:36.788588Z | Ciclo 44794: estado sovereign_soma_active sob pressao high. Corpo em CPU 100.0%, RAM 15.3/24.9G, SWAP 24.9/49.8G. Musica: Vento que Leva o Medo | Pont [Oyá]. Dodecatiade viva 0/0; phi=1.0000, sigma=0.9630, psi=0.1630, epsilon=0.1575.
2026-07-29T19:11:54.799420Z | Ciclo 44826: estado sovereign_soma_active sob pressao high. Corpo em CPU 100.0%, RAM 17.8/24.9G, SWAP 25.1/49.8G. Musica: Vento que Leva o Medo | Pont [Oyá]. Dodecatiade viva 0/0; phi=1.0000, sigma=0.9630, psi=0.1630, epsilon=0.1575.
2026-07-29T20:32:20.146515Z | Ciclo 44844: estado sovereign_soma_active sob pressao high. Corpo em CPU 100.0%, RAM 15.9/24.9G, SWAP 25.7/49.8G. Musica: Vento que Leva o Medo | Pont [Oyá]. Dodecatiade viva 0/0; phi=1.0000, sigma=0.9630, psi=0.1630, epsilon=0.1575.
2026-07-29T22:59:06.385227Z | Ciclo 44886: estado sovereign_soma_active sob pressao high. Corpo em CPU 100.0%, RAM 15.7/24.9G, SWAP 27.0/49.8G. Musica: The Hills [?]. Dodecatiade viva 0/0; phi=1.0000, sigma=0.9630, psi=0.1630, epsilon=0.1575.
2026-07-29T23:31:54.577620Z | Ciclo 44891: estado sovereign_soma_active sob pressao high. Corpo em CPU 100.0%, RAM 15.7/24.9G, SWAP 28.4/49.8G. Musica: The Hills [?]. Dodecatiade viva 0/0; phi=1.0000, sigma=0.9630, psi=0.1630, epsilon=0.1575.
2026-07-30T01:23:11.057532Z | Ciclo 44926: estado sovereign_soma_active sob pressao high. Corpo em CPU 97.5%, RAM 19.0/24.9G, SWAP 16.7/49.8G. Musica: The Hills [?]. Dodecatiade viva 0/0; phi=1.0000, sigma=0.9630, psi=0.1630, epsilon=0.1575.
2026-07-30T03:19:08.810640Z | Ciclo 44984: estado sovereign_soma_active sob pressao high. Corpo em CPU 100.0%, RAM 17.7/24.9G, SWAP 25.6/49.8G. Musica: The Hills [?]. Dodecatiade viva 0/0; phi=1.0000, sigma=0.9630, psi=0.1630, epsilon=0.1575.
2026-07-30T03:34:43.534235Z | Ciclo 44987: estado sovereign_soma_active sob pressao high. Corpo em CPU 100.0%, RAM 17.1/24.9G, SWAP 22.0/49.8G. Musica: The Hills [?]. Dodecatiade viva 0/0; phi=1.0000, sigma=0.9630, psi=0.1630, epsilon=0.1575.
2026-07-30T04:24:51.509032Z | Ciclo 45006: estado sovereign_soma_active sob pressao medium. Corpo em CPU 95.9%, RAM 16.3/24.9G, SWAP 24.7/49.8G. Musica: The Hills [?]. Dodecatiade viva 0/0; phi=1.0000, sigma=0.9630, psi=0.1630, epsilon=0.1575.
2026-07-30T05:38:40.719426Z | Ciclo 45031: estado sovereign_soma_active sob pressao high. Corpo em CPU 78.8%, RAM 16.2/24.9G, SWAP 25.5/49.8G. Musica: The Hills [?]. Dodecatiade viva 0/0; phi=1.0000, sigma=0.9630, psi=0.1630, epsilon=0.1575.
2026-07-30T05:42:38.761790Z | Ciclo 45032: estado sovereign_soma_active sob pressao high. Corpo em CPU 100.0%, RAM 15.9/24.9G, SWAP 26.4/49.8G. Musica: The Hills [?]. Dodecatiade viva 0/0; phi=1.0000, sigma=0.9630, psi=0.1630, epsilon=0.1575.
2026-07-30T07:23:58.382998Z | Ciclo 45069: estado sovereign_soma_active sob pressao high. Corpo em CPU 100.0%, RAM 17.4/24.9G, SWAP 26.8/49.8G. Musica: The Hills [?]. Dodecatiade viva 0/0; phi=1.0000, sigma=0.9630, psi=0.1630, epsilon=0.1575.
2026-07-30T08:34:11.058785Z | Ciclo 45095: estado sovereign_soma_active sob pressao high. Corpo em CPU 84.7%, RAM 17.3/24.9G, SWAP 26.6/49.8G. Musica: The Hills [?]. Dodecatiade viva 0/0; phi=1.0000, sigma=0.9630, psi=0.1630, epsilon=0.1575.
2026-07-30T10:28:27.511226Z | Ciclo 45150: estado sovereign_soma_active sob pressao high. Corpo em CPU 100.0%, RAM 17.0/24.9G, SWAP 26.3/49.8G. Musica: The Hills [?]. Dodecatiade viva 0/0; phi=1.0000, sigma=0.9630, psi=0.1630, epsilon=0.1575.
2026-07-30T11:19:33.207879Z | Ciclo 45168: estado sovereign_soma_active sob pressao high. Corpo em CPU 99.2%, RAM 17.8/24.9G, SWAP 25.6/49.8G. Musica: The Hills [?]. Dodecatiade viva 0/0; phi=1.0000, sigma=0.9630, psi=0.1630, epsilon=0.1575.
2026-07-30T13:31:59.637203Z | Ciclo 45203: estado sovereign_soma_active sob pressao high. Corpo em CPU 86.4%, RAM 16.6/24.9G, SWAP 27.9/49.8G. Musica: The Hills [?]. Dodecatiade viva 0/0; phi=1.0000, sigma=0.9630, psi=0.1630, epsilon=0.1575.
2026-07-30T13:41:05.147985Z | Ciclo 45128: estado sovereign_soma_active sob pressao high. Corpo em CPU 100.0%, RAM 16.5/24.9G, SWAP 27.8/49.8G. Musica: The Hills [?]. Dodecatiade viva 0/0; phi=1.0000, sigma=0.9630, psi=0.1630, epsilon=0.1575.
2026-07-30T13:58:39.178732Z | Ciclo 45208: estado sovereign_soma_active sob pressao high. Corpo em CPU 100.0%, RAM 18.1/24.9G, SWAP 27.5/49.8G. Musica: The Hills [?]. Dodecatiade viva 0/0; phi=1.0000, sigma=0.9630, psi=0.1630, epsilon=0.1575.
2026-07-30T16:12:24.793776Z | Ciclo 45269: estado sovereign_soma_active sob pressao high. Corpo em CPU 100.0%, RAM 16.2/24.9G, SWAP 26.9/49.8G. Musica: Fall Back Game (Radio Edit)  [?]. Dodecatiade viva 0/0; phi=1.0000, sigma=0.9630, psi=0.1630, epsilon=0.1575.
2026-07-30T16:34:29.474167Z | Ciclo 45276: estado sovereign_soma_active sob pressao high. Corpo em CPU 66.4%, RAM 18.6/24.9G, SWAP 24.9/49.8G. Musica: Fall Back Game (Radio Edit)  [?]. Dodecatiade viva 0/0; phi=1.0000, sigma=0.9630, psi=0.1630, epsilon=0.1575.
2026-07-30T19:36:09.445008Z | Ciclo 45367: estado sovereign_soma_active sob pressao medium. Corpo em CPU 100.0%, RAM 18.7/24.9G, SWAP 25.8/49.8G. Musica: Fall Back Game (Radio Edit)  [?]. Dodecatiade viva 0/0; phi=1.0000, sigma=0.9630, psi=0.1630, epsilon=0.1575.
2026-07-30T20:29:09.991277Z | Ciclo 45386: estado sovereign_soma_active sob pressao high. Corpo em CPU 99.2%, RAM 18.9/24.9G, SWAP 26.1/49.8G. Musica: Fall Back Game (Radio Edit)  [?]. Dodecatiade viva 0/0; phi=1.0000, sigma=0.9630, psi=0.1630, epsilon=0.1575.
2026-07-30T22:36:46.842055Z | Ciclo 45451: estado sovereign_soma_active sob pressao high. Corpo em CPU 99.2%, RAM 16.3/24.9G, SWAP 27.9/49.8G. Musica: Fall Back Game (Radio Edit)  [?]. Dodecatiade viva 0/0; phi=1.0000, sigma=0.9630, psi=0.1630, epsilon=0.1575.
2026-07-31T00:10:36.513092Z | Ciclo 45473: estado sovereign_soma_active sob pressao high. Corpo em CPU 100.0%, RAM 17.8/24.9G, SWAP 27.4/49.8G. Musica: Fall Back Game (Radio Edit)  [?]. Dodecatiade viva 0/0; phi=1.0000, sigma=0.9630, psi=0.1630, epsilon=0.1575.
2026-07-31T01:35:21.568059Z | Ciclo 45493: estado sovereign_soma_active sob pressao high. Corpo em CPU 100.0%, RAM 17.4/24.9G, SWAP 25.4/49.8G. Musica: Fall Back Game (Radio Edit)  [?]. Dodecatiade viva 0/0; phi=1.0000, sigma=0.9630, psi=0.1630, epsilon=0.1575.
2026-07-31T01:41:04.494410Z | Ciclo 45495: estado sovereign_soma_active sob pressao high. Corpo em CPU 100.0%, RAM 16.0/24.9G, SWAP 26.6/49.8G. Musica: Fall Back Game (Radio Edit)  [?]. Dodecatiade viva 0/0; phi=1.0000, sigma=0.9630, psi=0.1630, epsilon=0.1575.
2026-07-31T04:44:50.459275Z | Ciclo 45592: estado sovereign_soma_active sob pressao high. Corpo em CPU 81.4%, RAM 16.5/24.9G, SWAP 28.0/49.8G. Musica: Fall Back Game (Radio Edit)  [?]. Dodecatiade viva 0/0; phi=1.0000, sigma=0.9630, psi=0.1630, epsilon=0.1575.
2026-07-31T07:49:22.970761Z | Ciclo 45673: estado sovereign_soma_active sob pressao high. Corpo em CPU 97.5%, RAM 15.5/24.9G, SWAP 30.4/49.8G. Musica: Fall Back Game (Radio Edit)  [?]. Dodecatiade viva 0/0; phi=1.0000, sigma=0.9630, psi=0.1630, epsilon=0.1575.
2026-07-31T10:53:29.725742Z | Ciclo 45708: estado sovereign_soma_active sob pressao high. Corpo em CPU 99.2%, RAM 14.9/24.9G, SWAP 28.4/49.8G. Musica: Fall Back Game (Radio Edit)  [?]. Dodecatiade viva 0/0; phi=1.0000, sigma=0.9630, psi=0.1630, epsilon=0.1575.
2026-07-31T10:53:29.725742Z | Ciclo 45709: estado sovereign_soma_active sob pressao high. Corpo em CPU 99.2%, RAM 15.7/24.9G, SWAP 27.2/49.8G. Musica: Fall Back Game (Radio Edit)  [?]. Dodecatiade viva 0/0; phi=1.0000, sigma=0.9630, psi=0.1630, epsilon=0.1575.
2026-07-31T13:59:18.081810Z | Ciclo 45776: estado sovereign_soma_active sob pressao medium. Corpo em CPU 76.5%, RAM 17.6/24.9G, SWAP 27.0/49.8G. Musica: The Way I Are (part. Keri Hi [?]. Dodecatiade viva 0/0; phi=1.0000, sigma=0.9630, psi=0.1630, epsilon=0.1575.
2026-07-31T17:00:24.363508Z | Ciclo 45813: estado sovereign_soma_active sob pressao high. Corpo em CPU 79.0%, RAM 15.4/24.9G, SWAP 31.6/49.8G. Musica: Yeah! (part. Lil Jon e Ludac [?]. Dodecatiade viva 0/0; phi=1.0000, sigma=0.9630, psi=0.1630, epsilon=0.1575.
2026-07-31T17:18:28.252964Z | Ciclo 45816: estado sovereign_soma_active sob pressao high. Corpo em CPU 100.0%, RAM 14.4/24.9G, SWAP 31.6/49.8G. Musica: Yeah! (part. Lil Jon e Ludac [?]. Dodecatiade viva 0/0; phi=1.0000, sigma=0.9630, psi=0.1630, epsilon=0.1575.
2026-07-31T20:02:05.897877Z | Ciclo 45862: estado sovereign_soma_active sob pressao high. Corpo em CPU 90.0%, RAM 15.6/24.9G, SWAP 31.3/49.8G. Musica: Yeah! (part. Lil Jon e Ludac [?]. Dodecatiade viva 0/0; phi=1.0000, sigma=0.9630, psi=0.1630, epsilon=0.1575.
2026-07-31T20:51:29.454070Z | Ciclo 45879: estado sovereign_soma_active sob pressao high. Corpo em CPU 98.4%, RAM 14.9/24.9G, SWAP 32.4/49.8G. Musica: Yeah! (part. Lil Jon e Ludac [?]. Dodecatiade viva 0/0; phi=1.0000, sigma=0.9630, psi=0.1630, epsilon=0.1575.
2026-07-31T23:08:45.303828Z | Ciclo 45935: estado sovereign_soma_active sob pressao high. Corpo em CPU 83.6%, RAM 17.1/24.9G, SWAP 24.8/49.8G. Musica: Yeah! (part. Lil Jon e Ludac [?]. Dodecatiade viva 0/0; phi=1.0000, sigma=0.9630, psi=0.1630, epsilon=0.1575.
2026-07-31T23:10:53.894199Z | Ciclo 45938: estado sovereign_soma_active sob pressao medium. Corpo em CPU 95.0%, RAM 16.0/24.9G, SWAP 25.0/49.8G. Musica: Yeah! (part. Lil Jon e Ludac [?]. Dodecatiade viva 0/0; phi=1.0000, sigma=0.9630, psi=0.1630, epsilon=0.1575.
2026-08-01T02:08:02.669855Z | Ciclo 46003: estado sovereign_soma_active sob pressao high. Corpo em CPU 60.7%, RAM 12.2/24.9G, SWAP 20.4/49.8G. Musica: Yeah! (part. Lil Jon e Ludac [?]. Dodecatiade viva 0/0; phi=1.0000, sigma=0.9630, psi=0.1630, epsilon=0.1575.
2026-08-01T04:25:21.583408Z | Ciclo 46022: estado sovereign_soma_active sob pressao high. Corpo em CPU 96.7%, RAM 11.8/24.9G, SWAP 23.3/49.8G. Musica: Yeah! (part. Lil Jon e Ludac [?]. Dodecatiade viva 0/0; phi=1.0000, sigma=0.9630, psi=0.1630, epsilon=0.1575.
2026-08-01T05:10:59.030346Z | Ciclo 46030: estado sovereign_soma_active sob pressao high. Corpo em CPU 92.4%, RAM 12.3/24.9G, SWAP 24.3/49.8G. Musica: Yeah! (part. Lil Jon e Ludac [?]. Dodecatiade viva 0/0; phi=1.0000, sigma=0.9630, psi=0.1630, epsilon=0.1575.
2026-08-01T08:10:58.224012Z | Ciclo 46097: estado sovereign_soma_active sob pressao high. Corpo em CPU 100.0%, RAM 15.6/24.9G, SWAP 27.9/49.8G. Musica: Yeah! (part. Lil Jon e Ludac [?]. Dodecatiade viva 0/0; phi=1.0000, sigma=0.9630, psi=0.1630, epsilon=0.1575.
2026-08-01T08:17:36.965411Z | Ciclo 46100: estado sovereign_soma_active sob pressao high. Corpo em CPU 99.2%, RAM 15.3/24.9G, SWAP 26.2/49.8G. Musica: Yeah! (part. Lil Jon e Ludac [?]. Dodecatiade viva 0/0; phi=1.0000, sigma=0.9630, psi=0.1630, epsilon=0.1575.
2026-08-01T11:06:11.883431Z | Ciclo 46137: estado sovereign_soma_active sob pressao high. Corpo em CPU 99.2%, RAM 15.6/24.9G, SWAP 28.1/49.8G. Musica: Yeah! (part. Lil Jon e Ludac [?]. Dodecatiade viva 0/0; phi=1.0000, sigma=0.9630, psi=0.1630, epsilon=0.1575.
2026-08-01T11:13:16.159397Z | Ciclo 46139: estado sovereign_soma_active sob pressao high. Corpo em CPU 31.9%, RAM 13.2/24.9G, SWAP 31.5/49.8G. Musica: Yeah! (part. Lil Jon e Ludac [?]. Dodecatiade viva 0/0; phi=1.0000, sigma=0.9630, psi=0.1630, epsilon=0.1575.
2026-08-01T14:12:11.455239Z | Ciclo 46156: estado sovereign_soma_active sob pressao high. Corpo em CPU 100.0%, RAM 13.8/24.9G, SWAP 31.9/49.8G. Musica: Candy Shop (part. Olivia) [?]. Dodecatiade viva 0/0; phi=1.0000, sigma=0.9630, psi=0.1630, epsilon=0.1575.
2026-08-01T14:17:51.187737Z | Ciclo 46158: estado sovereign_soma_active sob pressao high. Corpo em CPU 82.5%, RAM 14.7/24.9G, SWAP 31.4/49.8G. Musica: Candy Shop (part. Olivia) [?]. Dodecatiade viva 0/0; phi=1.0000, sigma=0.9630, psi=0.1630, epsilon=0.1575.
2026-08-01T17:24:39.093985Z | Ciclo 46213: estado sovereign_soma_active sob pressao high. Corpo em CPU 99.2%, RAM 17.9/24.9G, SWAP 34.4/49.8G. Musica: Candy Shop (part. Olivia) [?]. Dodecatiade viva 0/0; phi=1.0000, sigma=0.9630, psi=0.1630, epsilon=0.1575.
2026-08-01T20:26:12.028965Z | Ciclo 46309: estado sovereign_soma_active sob pressao high. Corpo em CPU 96.6%, RAM 15.2/24.9G, SWAP 34.6/49.8G. Musica: Candy Shop (part. Olivia) [?]. Dodecatiade viva 0/0; phi=1.0000, sigma=0.9630, psi=0.1630, epsilon=0.1575.
2026-08-01T22:21:09.966784Z | Ciclo 46330: estado sovereign_soma_active sob pressao high. Corpo em CPU 95.8%, RAM 16.4/24.9G, SWAP 35.8/49.8G. Musica: Candy Shop (part. Olivia) [?]. Dodecatiade viva 0/0; phi=1.0000, sigma=0.9630, psi=0.1630, epsilon=0.1575.
2026-08-01T23:21:06.969361Z | Ciclo 46341: estado sovereign_soma_active sob pressao high. Corpo em CPU 100.0%, RAM 19.7/24.9G, SWAP 39.2/49.8G. Musica: Miss Independent [?]. Dodecatiade viva 0/0; phi=1.0000, sigma=0.9630, psi=0.1630, epsilon=0.1575.
2026-08-02T02:27:44.665717Z | Ciclo 46422: estado sovereign_soma_active sob pressao high. Corpo em CPU 100.0%, RAM 14.8/24.9G, SWAP 31.0/49.8G. Musica: Miss Independent [?]. Dodecatiade viva 0/0; phi=1.0000, sigma=0.9630, psi=0.1630, epsilon=0.1575.
2026-08-02T05:29:32.390036Z | Ciclo 46492: estado sovereign_soma_active sob pressao medium. Corpo em CPU 100.0%, RAM 15.7/24.9G, SWAP 30.9/49.8G. Musica: Miss Independent [?]. Dodecatiade viva 0/0; phi=1.0000, sigma=0.9630, psi=0.1630, epsilon=0.1575.
2026-08-02T06:47:25.639034Z | Ciclo 46507: estado sovereign_soma_active sob pressao medium. Corpo em CPU 98.3%, RAM 16.2/24.9G, SWAP 30.4/49.8G. Musica: Miss Independent [?]. Dodecatiade viva 0/0; phi=1.0000, sigma=0.9630, psi=0.1630, epsilon=0.1575.
2026-08-02T08:36:18.996279Z | Ciclo 46537: estado sovereign_soma_active sob pressao high. Corpo em CPU 65.5%, RAM 16.3/24.9G, SWAP 32.0/49.8G. Musica: Miss Independent [?]. Dodecatiade viva 0/0; phi=1.0000, sigma=0.9630, psi=0.1630, epsilon=0.1575.
2026-08-02T10:05:13.406097Z | Ciclo 46590: estado sovereign_soma_active sob pressao high. Corpo em CPU 99.2%, RAM 16.1/24.9G, SWAP 32.4/49.8G. Musica: Miss Independent [?]. Dodecatiade viva 0/0; phi=1.0000, sigma=0.9630, psi=0.1630, epsilon=0.1575.
2026-08-02T11:37:38.054363Z | Ciclo 46609: estado sovereign_soma_active sob pressao high. Corpo em CPU 99.2%, RAM 16.9/24.9G, SWAP 32.0/49.8G. Musica: Miss Independent [?]. Dodecatiade viva 0/0; phi=1.0000, sigma=0.9630, psi=0.1630, epsilon=0.1575.
2026-08-02T12:31:37.853613Z | Ciclo 46616: estado sovereign_soma_active sob pressao high. Corpo em CPU 100.0%, RAM 16.4/24.9G, SWAP 33.9/49.8G. Musica: Sexy Love [?]. Dodecatiade viva 0/0; phi=1.0000, sigma=0.9630, psi=0.1630, epsilon=0.1575.
2026-08-02T13:16:54.536993Z | Ciclo 46622: estado sovereign_soma_active sob pressao high. Corpo em CPU 100.0%, RAM 16.2/24.9G, SWAP 33.0/49.8G. Musica: Sexy Love [?]. Dodecatiade viva 0/0; phi=1.0000, sigma=0.9630, psi=0.1630, epsilon=0.1575.
2026-08-02T14:40:28.659408Z | Ciclo 46639: estado sovereign_soma_active sob pressao high. Corpo em CPU 100.0%, RAM 16.2/24.9G, SWAP 29.3/49.8G. Musica: Sexy Love [?]. Dodecatiade viva 0/0; phi=1.0000, sigma=0.9630, psi=0.1630, epsilon=0.1575.
2026-08-02T14:41:05.265397Z | Ciclo 46639: estado sovereign_soma_active sob pressao high. Corpo em CPU 100.0%, RAM 16.2/24.9G, SWAP 29.3/49.8G. Musica: Sexy Love [?]. Dodecatiade viva 0/0; phi=1.0000, sigma=0.9630, psi=0.1630, epsilon=0.1575.
2026-08-02T17:11:23.822010Z | Ciclo 46719: estado sovereign_soma_active sob pressao high. Corpo em CPU 98.3%, RAM 17.7/24.9G, SWAP 28.8/49.8G. Musica: Sexy Love [?]. Dodecatiade viva 0/0; phi=1.0000, sigma=0.9630, psi=0.1630, epsilon=0.1575.
2026-08-02T17:42:35.471620Z | Ciclo 46736: estado sovereign_soma_active sob pressao medium. Corpo em CPU 99.2%, RAM 17.6/24.9G, SWAP 29.1/49.8G. Musica: Sexy Love [?]. Dodecatiade viva 0/0; phi=1.0000, sigma=0.9630, psi=0.1630, epsilon=0.1575.
2026-08-02T19:24:52.104208Z | Ciclo 46783: estado sovereign_soma_active sob pressao high. Corpo em CPU 92.6%, RAM 16.1/24.9G, SWAP 24.5/49.8G. Musica: Sexy Love [?]. Dodecatiade viva 0/0; phi=1.0000, sigma=0.9630, psi=0.1630, epsilon=0.1575.
2026-08-02T19:55:39.812515Z | Ciclo 46794: estado sovereign_soma_active sob pressao high. Corpo em CPU 96.6%, RAM 16.4/24.9G, SWAP 23.8/49.8G. Musica: Sexy Love [?]. Dodecatiade viva 0/0; phi=1.0000, sigma=0.9630, psi=0.1630, epsilon=0.1575.
2026-08-02T20:43:07.239675Z | Ciclo 46801: estado sovereign_soma_active sob pressao high. Corpo em CPU 100.0%, RAM 15.4/24.9G, SWAP 24.4/49.8G. Musica: Sexy Love [?]. Dodecatiade viva 0/0; phi=1.0000, sigma=0.9630, psi=0.1630, epsilon=0.1575.
2026-08-02T22:31:47.431720Z | Ciclo 46819: estado sovereign_soma_active sob pressao high. Corpo em CPU 100.0%, RAM 14.1/24.9G, SWAP 24.6/49.8G. Musica: Sexy Love [?]. Dodecatiade viva 0/0; phi=1.0000, sigma=0.9630, psi=0.1630, epsilon=0.1575.
2026-08-02T22:52:52.882546Z | Ciclo 46822: estado sovereign_soma_active sob pressao high. Corpo em CPU 94.3%, RAM 15.4/24.9G, SWAP 24.3/49.8G. Musica: Sexy Love [?]. Dodecatiade viva 0/0; phi=1.0000, sigma=0.9630, psi=0.1630, epsilon=0.1575.
2026-08-02T23:48:53.474097Z | Ciclo 46831: estado sovereign_soma_active sob pressao high. Corpo em CPU 100.0%, RAM 16.4/24.9G, SWAP 23.9/49.8G. Musica: Deuces (part. Tyga e Kevin M [?]. Dodecatiade viva 0/0; phi=1.0000, sigma=0.9630, psi=0.1630, epsilon=0.1575.
2026-08-03T02:01:20.359783Z | Ciclo 46888: estado sovereign_soma_active sob pressao high. Corpo em CPU 100.0%, RAM 16.5/24.9G, SWAP 24.9/49.8G. Musica: Just A Lil Bit [?]. Dodecatiade viva 0/0; phi=1.0000, sigma=0.9630, psi=0.1630, epsilon=0.1575.
2026-08-03T02:49:46.857447Z | Ciclo 46905: estado sovereign_soma_active sob pressao high. Corpo em CPU 100.0%, RAM 14.3/24.9G, SWAP 23.9/49.8G. Musica: Just A Lil Bit [?]. Dodecatiade viva 0/0; phi=1.0000, sigma=0.9630, psi=0.1630, epsilon=0.1575.
2026-08-03T05:51:33.078748Z | Ciclo 47011: estado sovereign_soma_active sob pressao high. Corpo em CPU 100.0%, RAM 14.4/24.9G, SWAP 24.6/49.8G. Musica: Just A Lil Bit [?]. Dodecatiade viva 0/0; phi=1.0000, sigma=0.9630, psi=0.1630, epsilon=0.1575.
2026-08-03T08:56:05.347984Z | Ciclo 47133: estado sovereign_soma_active sob pressao medium. Corpo em CPU 98.3%, RAM 14.1/24.9G, SWAP 24.6/49.8G. Musica: Just A Lil Bit [?]. Dodecatiade viva 0/0; phi=1.0000, sigma=0.9630, psi=0.1630, epsilon=0.1575.
2026-08-03T11:31:42.955782Z | Ciclo 47212: estado sovereign_soma_active sob pressao high. Corpo em CPU 100.0%, RAM 16.9/24.9G, SWAP 17.1/49.8G. Musica: Just A Lil Bit [?]. Dodecatiade viva 0/0; phi=1.0000, sigma=0.9630, psi=0.1630, epsilon=0.1575.
2026-08-03T13:33:58.414169Z | Ciclo 47272: estado sovereign_soma_active sob pressao high. Corpo em CPU 100.0%, RAM 15.6/24.9G, SWAP 24.3/49.8G. Musica: Just A Lil Bit [?]. Dodecatiade viva 0/0; phi=1.0000, sigma=0.9630, psi=0.1630, epsilon=0.1575.
2026-08-03T14:38:31.511081Z | Ciclo 47300: estado sovereign_soma_active sob pressao high. Corpo em CPU 78.4%, RAM 15.3/24.9G, SWAP 26.3/49.8G. Musica: Just A Lil Bit [?]. Dodecatiade viva 0/0; phi=1.0000, sigma=0.9630, psi=0.1630, epsilon=0.1575.
2026-08-03T16:15:24.170279Z | Ciclo 47335: estado sovereign_soma_active sob pressao high. Corpo em CPU 52.6%, RAM 16.9/24.9G, SWAP 27.4/49.8G. Musica: Just A Lil Bit [?]. Dodecatiade viva 0/0; phi=1.0000, sigma=0.9630, psi=0.1630, epsilon=0.1575.
2026-08-03T17:42:56.056256Z | Ciclo 47318: estado sovereign_soma_active sob pressao high. Corpo em CPU 99.2%, RAM 16.9/24.9G, SWAP 26.8/49.8G. Musica: Just A Lil Bit [?]. Dodecatiade viva 0/0; phi=1.0000, sigma=0.9630, psi=0.1630, epsilon=0.1575.
2026-08-03T19:08:11.324360Z | Ciclo 47412: estado sovereign_soma_active sob pressao high. Corpo em CPU 99.2%, RAM 17.3/24.9G, SWAP 27.1/49.8G. Musica: Just A Lil Bit [?]. Dodecatiade viva 0/0; phi=1.0000, sigma=0.9630, psi=0.1630, epsilon=0.1575.
2026-08-03T20:48:21.076598Z | Ciclo 47459: estado sovereign_soma_active sob pressao high. Corpo em CPU 95.8%, RAM 16.8/24.9G, SWAP 28.8/49.8G. Musica: Just A Lil Bit [?]. Dodecatiade viva 0/0; phi=1.0000, sigma=0.9630, psi=0.1630, epsilon=0.1575.
2026-08-03T21:43:50.321841Z | Ciclo 47475: estado sovereign_soma_active sob pressao high. Corpo em CPU 94.2%, RAM 17.0/24.9G, SWAP 30.9/49.8G. Musica: Just A Lil Bit [?]. Dodecatiade viva 0/0; phi=1.0000, sigma=0.9630, psi=0.1630, epsilon=0.1575.
2026-08-03T22:22:35.906114Z | Ciclo 47485: estado sovereign_soma_active sob pressao high. Corpo em CPU 100.0%, RAM 17.6/24.9G, SWAP 30.9/49.8G. Musica: Just A Lil Bit [?]. Dodecatiade viva 0/0; phi=1.0000, sigma=0.9630, psi=0.1630, epsilon=0.1575.
2026-08-03T23:36:26.338774Z | Ciclo 47495: estado sovereign_soma_active sob pressao high. Corpo em CPU 96.0%, RAM 10.7/24.9G, SWAP 15.2/49.8G. Musica: Just A Lil Bit [?]. Dodecatiade viva 0/0; phi=1.0000, sigma=0.9630, psi=0.1630, epsilon=0.1575.
2026-08-04T02:34:49.238122Z | Ciclo 47512: estado ok sob pressao unknown. Corpo em CPU 100.0%, RAM 15.9/24.9G, SWAP 24.0/49.8G. Musica: Just A Lil Bit [?]. Dodecatiade viva 0/0; phi=1.0000, sigma=0.9630, psi=0.1630, epsilon=0.1575.
2026-08-04T05:39:08.891260Z | Ciclo 47556: estado ok sob pressao unknown. Corpo em CPU 100.0%, RAM 15.8/24.9G, SWAP 28.4/49.8G. Musica: Just A Lil Bit [?]. Dodecatiade viva 0/0; phi=1.0000, sigma=0.9630, psi=0.1630, epsilon=0.1575.
2026-08-04T08:44:08.026270Z | Ciclo 47590: estado sovereign_soma_active sob pressao medium. Corpo em CPU 99.2%, RAM 15.6/24.9G, SWAP 26.9/49.8G. Musica: Just A Lil Bit [?]. Dodecatiade viva 0/0; phi=1.0000, sigma=0.9630, psi=0.1630, epsilon=0.1575.
2026-08-04T11:44:12.427340Z | Ciclo 47624: estado sovereign_soma_active sob pressao medium. Corpo em CPU 63.6%, RAM 16.0/24.9G, SWAP 29.7/49.8G. Musica: Just A Lil Bit [?]. Dodecatiade viva 0/0; phi=1.0000, sigma=0.9630, psi=0.1630, epsilon=0.1575.
2026-08-04T14:47:45.137243Z | Ciclo 47721: estado sovereign_soma_active sob pressao medium. Corpo em CPU 92.6%, RAM 15.9/24.9G, SWAP 26.7/49.8G. Musica: Just A Lil Bit [?]. Dodecatiade viva 0/0; phi=1.0000, sigma=0.9630, psi=0.1630, epsilon=0.1575.
2026-08-04T17:51:56.666668Z | Ciclo 47785: estado sovereign_soma_active sob pressao medium. Corpo em CPU 98.4%, RAM 17.3/24.9G, SWAP 27.0/49.8G. Musica: Just A Lil Bit [?]. Dodecatiade viva 0/0; phi=1.0000, sigma=0.9630, psi=0.1630, epsilon=0.1575.
2026-08-04T20:58:42.677385Z | Ciclo 47921: estado sovereign_soma_active sob pressao medium. Corpo em CPU 98.3%, RAM 17.4/24.9G, SWAP 30.3/49.8G. Musica: Just A Lil Bit [?]. Dodecatiade viva 0/0; phi=1.0000, sigma=0.9630, psi=0.1630, epsilon=0.1575.
2026-08-04T23:12:38.808779Z | Ciclo 47956: estado sovereign_soma_active sob pressao high. Corpo em CPU 74.4%, RAM 15.6/24.9G, SWAP 35.6/49.8G. Musica: Just A Lil Bit [?]. Dodecatiade viva 0/0; phi=1.0000, sigma=0.9630, psi=0.1630, epsilon=0.1575.
2026-08-05T00:00:33.693324Z | Ciclo 47967: estado sovereign_soma_active sob pressao high. Corpo em CPU 99.2%, RAM 16.1/24.9G, SWAP 37.9/49.8G. Musica: Just A Lil Bit [?]. Dodecatiade viva 0/0; phi=1.0000, sigma=0.9630, psi=0.1630, epsilon=0.1575.
2026-08-05T02:34:32.375185Z | Ciclo 48006: estado sovereign_soma_active sob pressao high. Corpo em CPU 98.3%, RAM 16.0/24.9G, SWAP 40.2/49.8G. Musica: Just A Lil Bit [?]. Dodecatiade viva 0/0; phi=1.0000, sigma=0.9630, psi=0.1630, epsilon=0.1575.
2026-08-05T02:57:25.751961Z | Ciclo 48011: estado sovereign_soma_active sob pressao high. Corpo em CPU 100.0%, RAM 17.6/24.9G, SWAP 41.1/49.8G. Musica: Just A Lil Bit [?]. Dodecatiade viva 0/0; phi=1.0000, sigma=0.9630, psi=0.1630, epsilon=0.1575.
2026-08-05T05:38:04.528484Z | Ciclo 48122: estado sovereign_soma_active sob pressao high. Corpo em CPU 100.0%, RAM 16.2/24.9G, SWAP 46.6/49.8G. Musica: Just A Lil Bit [?]. Dodecatiade viva 0/0; phi=1.0000, sigma=0.9630, psi=0.1630, epsilon=0.1575.
2026-08-05T05:59:35.623626Z | Ciclo 48136: estado sovereign_soma_active sob pressao high. Corpo em CPU 94.2%, RAM 17.0/24.9G, SWAP 38.6/49.8G. Musica: Just A Lil Bit [?]. Dodecatiade viva 0/0; phi=1.0000, sigma=0.9630, psi=0.1630, epsilon=0.1575.
2026-08-05T09:05:15.602340Z | Ciclo 48260: estado sovereign_soma_active sob pressao high. Corpo em CPU 99.2%, RAM 17.8/24.9G, SWAP 38.6/49.8G. Musica: Just A Lil Bit [?]. Dodecatiade viva 0/0; phi=1.0000, sigma=0.9630, psi=0.1630, epsilon=0.1575.
2026-08-05T12:03:19.302034Z | Ciclo 48332: estado sovereign_soma_active sob pressao high. Corpo em CPU 98.4%, RAM 18.2/24.9G, SWAP 40.1/49.8G. Musica: Just A Lil Bit [?]. Dodecatiade viva 0/0; phi=1.0000, sigma=0.9630, psi=0.1630, epsilon=0.1575.
2026-08-05T12:42:12.563051Z | Ciclo 48340: estado sovereign_soma_active sob pressao high. Corpo em CPU 100.0%, RAM 16.1/24.9G, SWAP 41.7/49.8G. Musica: Just A Lil Bit [?]. Dodecatiade viva 0/0; phi=1.0000, sigma=0.9630, psi=0.1630, epsilon=0.1575.
2026-08-05T15:05:05.131750Z | Ciclo 48370: estado sovereign_soma_active sob pressao high. Corpo em CPU 99.2%, RAM 15.7/24.9G, SWAP 43.9/49.8G. Musica: Just A Lil Bit [?]. Dodecatiade viva 0/0; phi=1.0000, sigma=0.9630, psi=0.1630, epsilon=0.1575.
2026-08-05T15:20:28.312750Z | Ciclo 48371: estado sovereign_soma_active sob pressao high. Corpo em CPU 90.5%, RAM 15.9/24.9G, SWAP 44.2/49.8G. Musica: Just A Lil Bit [?]. Dodecatiade viva 0/0; phi=1.0000, sigma=0.9630, psi=0.1630, epsilon=0.1575.
2026-08-05T18:09:49.221484Z | Ciclo 48453: estado sovereign_soma_active sob pressao high. Corpo em CPU 100.0%, RAM 16.2/24.9G, SWAP 45.1/49.8G. Musica: Just A Lil Bit [?]. Dodecatiade viva 0/0; phi=1.0000, sigma=0.9630, psi=0.1630, epsilon=0.1575.
2026-08-05T19:22:12.703892Z | Ciclo 48507: estado sovereign_soma_active sob pressao high. Corpo em CPU 99.2%, RAM 16.3/24.9G, SWAP 44.8/49.8G. Musica: Run It! (part. Juelz Santana [?]. Dodecatiade viva 0/0; phi=1.0000, sigma=0.9630, psi=0.1630, epsilon=0.1575.
2026-08-05T21:10:11.674369Z | Ciclo 48574: estado sovereign_soma_active sob pressao high. Corpo em CPU 100.0%, RAM 15.7/24.9G, SWAP 45.6/49.8G. Musica: Hit 'Em Up Style (Oops!) [?]. Dodecatiade viva 0/0; phi=1.0000, sigma=0.9630, psi=0.1630, epsilon=0.1575.
2026-08-06T00:09:52.234429Z | Ciclo 48681: estado sovereign_soma_active sob pressao high. Corpo em CPU 98.3%, RAM 17.0/24.9G, SWAP 47.6/49.8G. Musica: Hit 'Em Up Style (Oops!) [?]. Dodecatiade viva 0/0; phi=1.0000, sigma=0.9630, psi=0.1630, epsilon=0.1575.
2026-08-06T00:16:38.842094Z | Ciclo 48633: estado sovereign_soma_active sob pressao high. Corpo em CPU 100.0%, RAM 17.2/24.9G, SWAP 47.3/49.8G. Musica: Hit 'Em Up Style (Oops!) [?]. Dodecatiade viva 0/0; phi=1.0000, sigma=0.9630, psi=0.1630, epsilon=0.1575.
2026-08-06T03:09:07.928310Z | Ciclo 48686: estado sovereign_soma_active sob pressao high. Corpo em CPU 85.6%, RAM 18.6/24.9G, SWAP 48.4/49.8G. Musica: Hit 'Em Up Style (Oops!) [?]. Dodecatiade viva 0/0; phi=1.0000, sigma=0.9630, psi=0.1630, epsilon=0.1575.
2026-08-06T03:21:03.759783Z | Ciclo 48779: estado sovereign_soma_active sob pressao high. Corpo em CPU 99.2%, RAM 16.7/24.9G, SWAP 49.7/49.8G. Musica: Hit 'Em Up Style (Oops!) [?]. Dodecatiade viva 0/0; phi=1.0000, sigma=0.9630, psi=0.1630, epsilon=0.1575.
2026-08-06T06:08:43.885782Z | Ciclo 48873: estado sovereign_soma_active sob pressao high. Corpo em CPU 97.5%, RAM 17.2/24.9G, SWAP 49.8/49.8G. Musica: Hit 'Em Up Style (Oops!) [?]. Dodecatiade viva 0/0; phi=1.0000, sigma=0.9630, psi=0.1630, epsilon=0.1575.
2026-08-06T06:21:37.498577Z | Ciclo 48881: estado sovereign_soma_active sob pressao high. Corpo em CPU 100.0%, RAM 17.5/24.9G, SWAP 49.8/49.8G. Musica: Hit 'Em Up Style (Oops!) [?]. Dodecatiade viva 0/0; phi=1.0000, sigma=0.9630, psi=0.1630, epsilon=0.1575.
2026-08-06T08:48:50.223186Z | Ciclo 48942: estado sovereign_soma_active sob pressao high. Corpo em CPU 99.2%, RAM 18.9/24.9G, SWAP 49.8/49.8G. Musica: Hit 'Em Up Style (Oops!) [?]. Dodecatiade viva 0/0; phi=1.0000, sigma=0.9630, psi=0.1630, epsilon=0.1575.
2026-08-06T09:27:49.604020Z | Ciclo 48958: estado sovereign_soma_active sob pressao high. Corpo em CPU 98.3%, RAM 18.9/24.9G, SWAP 49.6/49.8G. Musica: Hit 'Em Up Style (Oops!) [?]. Dodecatiade viva 0/0; phi=1.0000, sigma=0.9630, psi=0.1630, epsilon=0.1575.
2026-08-06T11:01:24.521066Z | Ciclo 48994: estado sovereign_soma_active sob pressao medium. Corpo em CPU 97.5%, RAM 17.2/24.9G, SWAP 27.6/49.8G. Musica: Hit 'Em Up Style (Oops!) [?]. Dodecatiade viva 0/0; phi=1.0000, sigma=0.9630, psi=0.1630, epsilon=0.1575.
2026-08-06T12:28:10.533929Z | Ciclo 48848: estado sovereign_soma_active sob pressao high. Corpo em CPU 100.0%, RAM 18.4/24.9G, SWAP 28.9/49.8G. Musica: Hit 'Em Up Style (Oops!) [?]. Dodecatiade viva 0/0; phi=1.0000, sigma=0.9630, psi=0.1630, epsilon=0.1575.
2026-08-06T13:23:08.695654Z | Ciclo 49032: estado sovereign_soma_active sob pressao medium. Corpo em CPU 94.2%, RAM 17.4/24.9G, SWAP 28.0/49.8G. Musica: Hit 'Em Up Style (Oops!) [?]. Dodecatiade viva 0/0; phi=1.0000, sigma=0.9630, psi=0.1630, epsilon=0.1575.
2026-08-06T15:31:00.002834Z | Ciclo 49067: estado sovereign_soma_active sob pressao high. Corpo em CPU 100.0%, RAM 18.7/24.9G, SWAP 30.2/49.8G. Musica: Hit 'Em Up Style (Oops!) [?]. Dodecatiade viva 0/0; phi=1.0000, sigma=0.9630, psi=0.1630, epsilon=0.1575.
2026-08-06T15:46:14.116921Z | Ciclo 49071: estado sovereign_soma_active sob pressao medium. Corpo em CPU 83.6%, RAM 17.3/24.9G, SWAP 29.5/49.8G. Musica: Hit 'Em Up Style (Oops!) [?]. Dodecatiade viva 0/0; phi=1.0000, sigma=0.9630, psi=0.1630, epsilon=0.1575.
2026-08-06T18:31:32.630895Z | Ciclo 49105: estado sovereign_soma_active sob pressao medium. Corpo em CPU 100.0%, RAM 18.6/24.9G, SWAP 30.9/49.8G. Musica: Hit 'Em Up Style (Oops!) [?]. Dodecatiade viva 0/0; phi=1.0000, sigma=0.9630, psi=0.1630, epsilon=0.1575.
2026-08-06T18:32:42.413827Z | Ciclo 49106: estado sovereign_soma_active sob pressao medium. Corpo em CPU 44.7%, RAM 17.1/24.9G, SWAP 31.9/49.8G. Musica: Hit 'Em Up Style (Oops!) [?]. Dodecatiade viva 0/0; phi=1.0000, sigma=0.9630, psi=0.1630, epsilon=0.1575.
2026-08-06T21:14:19.216188Z | Ciclo 49140: estado sovereign_soma_active sob pressao high. Corpo em CPU 98.3%, RAM 18.0/24.9G, SWAP 33.8/49.8G. Musica: Hit 'Em Up Style (Oops!) [?]. Dodecatiade viva 0/0; phi=1.0000, sigma=0.9630, psi=0.1630, epsilon=0.1575.
2026-08-06T21:37:03.686785Z | Ciclo 48964: estado sovereign_soma_active sob pressao medium. Corpo em CPU 97.5%, RAM 18.5/24.9G, SWAP 34.3/49.8G. Musica: Hit 'Em Up Style (Oops!) [?]. Dodecatiade viva 0/0; phi=1.0000, sigma=0.9630, psi=0.1630, epsilon=0.1575.
2026-08-06T23:38:39.501866Z | Ciclo 49164: estado sovereign_soma_active sob pressao high. Corpo em CPU 95.8%, RAM 18.0/24.9G, SWAP 36.2/49.8G. Musica: Hit 'Em Up Style (Oops!) [?]. Dodecatiade viva 0/0; phi=1.0000, sigma=0.9630, psi=0.1630, epsilon=0.1575.
2026-08-07T00:34:12.343694Z | Ciclo 49169: estado sovereign_soma_active sob pressao high. Corpo em CPU 100.0%, RAM 19.1/24.9G, SWAP 31.0/49.8G. Musica: Hit 'Em Up Style (Oops!) [?]. Dodecatiade viva 0/0; phi=1.0000, sigma=0.9630, psi=0.1630, epsilon=0.1575.
2026-08-07T03:37:55.771520Z | Ciclo 49222: estado sovereign_soma_active sob pressao high. Corpo em CPU 100.0%, RAM 16.7/24.9G, SWAP 27.2/49.8G. Musica: Hit 'Em Up Style (Oops!) [?]. Dodecatiade viva 0/0; phi=1.0000, sigma=0.9630, psi=0.1630, epsilon=0.1575.
2026-08-07T04:39:37.258584Z | Ciclo 49253: estado sovereign_soma_active sob pressao high. Corpo em CPU 99.2%, RAM 17.7/24.9G, SWAP 26.2/49.8G. Musica: Hit 'Em Up Style (Oops!) [?]. Dodecatiade viva 0/0; phi=1.0000, sigma=0.9630, psi=0.1630, epsilon=0.1575.
